2026-08-10T14:34:40.074-03:00  INFO 33128 --- [mesafacil] [main] c.q.mesafacil.MesafacilApplication       : Starting MesafacilApplication using Java 17.0.14 with PID 33128 (/Users/gabriel/Downloads/mesafacil/target/classes started by gabriel in /Users/gabriel/Downloads/mesafacil)
2026-08-10T14:34:40.077-03:00  INFO 33128 --- [mesafacil] [main] c.q.mesafacil.MesafacilApplication       : No active profile set, falling back to 1 default profile: "default"
2026-08-10T14:34:40.387-03:00  INFO 33128 --- [mesafacil] [main] .s.d.r.c.RepositoryConfigurationDelegate : Bootstrapping Spring Data JPA repositories in DEFAULT mode.
2026-08-10T14:34:40.407-03:00  INFO 33128 --- [mesafacil] [main] .s.d.r.c.RepositoryConfigurationDelegate : Finished Spring Data repository scanning in 17 ms. Found 1 JPA repository interface.
2026-08-10T14:34:40.622-03:00  INFO 33128 --- [mesafacil] [main] o.s.boot.tomcat.TomcatWebServer          : Tomcat initialized with port 8080 (http)
2026-08-10T14:34:40.628-03:00  INFO 33128 --- [mesafacil] [main] o.apache.catalina.core.StandardService   : Starting service [Tomcat]
2026-08-10T14:34:40.628-03:00  INFO 33128 --- [mesafacil] [main] o.apache.catalina.core.StandardEngine    : Starting Servlet engine: [Apache Tomcat/11.0.22]
2026-08-10T14:34:40.644-03:00  INFO 33128 --- [mesafacil] [main] b.w.c.s.WebApplicationContextInitializer : Root WebApplicationContext: initialization completed in 548 ms
2026-08-10T14:34:40.704-03:00  INFO 33128 --- [mesafacil] [main] com.zaxxer.hikari.HikariDataSource       : HikariPool-1 - Starting...
2026-08-10T14:34:40.758-03:00  INFO 33128 --- [mesafacil] [main] com.zaxxer.hikari.pool.HikariPool        : HikariPool-1 - Added connection org.postgresql.jdbc.PgConnection@d5e575c
2026-08-10T14:34:40.759-03:00  INFO 33128 --- [mesafacil] [main] com.zaxxer.hikari.HikariDataSource       : HikariPool-1 - Start completed.
2026-08-10T14:34:40.771-03:00  INFO 33128 --- [mesafacil] [main] org.hibernate.orm.jpa                    : HHH008540: Processing PersistenceUnitInfo [name: default]
2026-08-10T14:34:40.797-03:00  INFO 33128 --- [mesafacil] [main] org.hibernate.orm.core                   : HHH000001: Hibernate ORM core version 7.4.1.Final
2026-08-10T14:34:40.965-03:00  INFO 33128 --- [mesafacil] [main] o.s.o.j.p.SpringPersistenceUnitInfo      : No LoadTimeWeaver setup: ignoring JPA class transformer
2026-08-10T14:34:41.001-03:00  WARN 33128 --- [mesafacil] [main] org.hibernate.orm.core                   : HHH000511: The 13.23.0 version for [org.hibernate.dialect.PostgreSQLDialect] is no longer supported, hence certain features may not work properly.The minimum supported version is 14.0.0. Check the community dialects project for available legacy versions.
2026-08-10T14:34:41.011-03:00  INFO 33128 --- [mesafacil] [main] org.hibernate.orm.connections.pooling    : HHH10001005: Database info:
	Database JDBC URL [jdbc:postgresql://localhost:5432/mesa_facil]
	Database driver: PostgreSQL JDBC Driver
	Database dialect: PostgreSQLDialect
	Database version: 13.23
	Default catalog/schema: mesa_facil/public
	Autocommit mode: undefined/unknown
	Isolation level: READ_COMMITTED [default READ_COMMITTED]
	JDBC fetch size: none
	Pool: DataSourceConnectionProvider
	Minimum pool size: undefined/unknown
	Maximum pool size: undefined/unknown
2026-08-10T14:34:41.400-03:00  INFO 33128 --- [mesafacil] [main] org.hibernate.orm.core                   : HHH000489: No JTA platform available (set 'hibernate.transaction.jta.platform' to enable JTA platform integration)
2026-08-10T14:34:41.403-03:00  INFO 33128 --- [mesafacil] [main] j.LocalContainerEntityManagerFactoryBean : Initialized JPA EntityManagerFactory for persistence unit 'default'
2026-08-10T14:34:41.429-03:00  WARN 33128 --- [mesafacil] [main] JpaBaseConfiguration$JpaWebConfiguration : spring.jpa.open-in-view is enabled by default. Therefore, database queries may be performed during view rendering. Explicitly configure spring.jpa.open-in-view to disable this warning
2026-08-10T14:34:41.456-03:00  WARN 33128 --- [mesafacil] [main] .s.a.UserDetailsServiceAutoConfiguration : 

Using generated security password: 23c021af-6dbf-461b-b32b-3887816b0df6

This generated password is for development use only. Your security configuration must be updated before running your application in production.

2026-08-10T14:34:41.459-03:00  INFO 33128 --- [mesafacil] [main] r$InitializeUserDetailsManagerConfigurer : Global AuthenticationManager configured with UserDetailsService bean with name inMemoryUserDetailsManager
2026-08-10T14:34:41.609-03:00  INFO 33128 --- [mesafacil] [main] o.s.d.j.r.query.QueryEnhancerFactories   : Hibernate is in classpath; If applicable, HQL parser will be used.
2026-08-10T14:34:41.677-03:00  INFO 33128 --- [mesafacil] [main] o.s.boot.tomcat.TomcatWebServer          : Tomcat started on port 8080 (http) with context path '/'
2026-08-10T14:34:41.681-03:00  INFO 33128 --- [mesafacil] [main] c.q.mesafacil.MesafacilApplication       : Started MesafacilApplication in 1.927 seconds (process running for 2.356)
2026-08-10T14:35:15.576-03:00  INFO 33128 --- [mesafacil] [SpringApplicationShutdownHook] o.s.boot.tomcat.GracefulShutdown         : Commencing graceful shutdown. Waiting for active requests to complete
2026-08-10T14:35:15.580-03:00  INFO 33128 --- [mesafacil] [tomcat-shutdown] o.s.boot.tomcat.GracefulShutdown         : Graceful shutdown complete
2026-08-10T14:35:15.582-03:00  INFO 33128 --- [mesafacil] [SpringApplicationShutdownHook] j.LocalContainerEntityManagerFactoryBean : Closing JPA EntityManagerFactory for persistence unit 'default'
2026-08-10T14:35:15.583-03:00  INFO 33128 --- [mesafacil] [SpringApplicationShutdownHook] com.zaxxer.hikari.HikariDataSource       : HikariPool-1 - Shutdown initiated...
2026-08-10T14:35:15.583-03:00  INFO 33128 --- [mesafacil] [SpringApplicationShutdownHook] com.zaxxer.hikari.HikariDataSource       : HikariPool-1 - Shutdown completed.
2026-08-10T14:35:21.741-03:00  INFO 33164 --- [mesafacil] [main] c.q.mesafacil.MesafacilApplication       : Starting MesafacilApplication using Java 17.0.14 with PID 33164 (/Users/gabriel/Downloads/mesafacil/target/classes started by gabriel in /Users/gabriel/Downloads/mesafacil)
2026-08-10T14:35:21.742-03:00  INFO 33164 --- [mesafacil] [main] c.q.mesafacil.MesafacilApplication       : No active profile set, falling back to 1 default profile: "default"
2026-08-10T14:35:21.944-03:00  INFO 33164 --- [mesafacil] [main] .s.d.r.c.RepositoryConfigurationDelegate : Bootstrapping Spring Data JPA repositories in DEFAULT mode.
2026-08-10T14:35:21.961-03:00  INFO 33164 --- [mesafacil] [main] .s.d.r.c.RepositoryConfigurationDelegate : Finished Spring Data repository scanning in 13 ms. Found 1 JPA repository interface.
2026-08-10T14:35:22.103-03:00  INFO 33164 --- [mesafacil] [main] o.s.boot.tomcat.TomcatWebServer          : Tomcat initialized with port 8080 (http)
2026-08-10T14:35:22.108-03:00  INFO 33164 --- [mesafacil] [main] o.apache.catalina.core.StandardService   : Starting service [Tomcat]
2026-08-10T14:35:22.108-03:00  INFO 33164 --- [mesafacil] [main] o.apache.catalina.core.StandardEngine    : Starting Servlet engine: [Apache Tomcat/11.0.22]
2026-08-10T14:35:22.120-03:00  INFO 33164 --- [mesafacil] [main] b.w.c.s.WebApplicationContextInitializer : Root WebApplicationContext: initialization completed in 364 ms
2026-08-10T14:35:22.172-03:00  INFO 33164 --- [mesafacil] [main] com.zaxxer.hikari.HikariDataSource       : HikariPool-1 - Starting...
2026-08-10T14:35:22.209-03:00  INFO 33164 --- [mesafacil] [main] com.zaxxer.hikari.pool.HikariPool        : HikariPool-1 - Added connection org.postgresql.jdbc.PgConnection@380ce5a3
2026-08-10T14:35:22.209-03:00  INFO 33164 --- [mesafacil] [main] com.zaxxer.hikari.HikariDataSource       : HikariPool-1 - Start completed.
2026-08-10T14:35:22.219-03:00  INFO 33164 --- [mesafacil] [main] org.hibernate.orm.jpa                    : HHH008540: Processing PersistenceUnitInfo [name: default]
2026-08-10T14:35:22.236-03:00  INFO 33164 --- [mesafacil] [main] org.hibernate.orm.core                   : HHH000001: Hibernate ORM core version 7.4.1.Final
2026-08-10T14:35:22.351-03:00  INFO 33164 --- [mesafacil] [main] o.s.o.j.p.SpringPersistenceUnitInfo      : No LoadTimeWeaver setup: ignoring JPA class transformer
2026-08-10T14:35:22.379-03:00  WARN 33164 --- [mesafacil] [main] org.hibernate.orm.core                   : HHH000511: The 13.23.0 version for [org.hibernate.dialect.PostgreSQLDialect] is no longer supported, hence certain features may not work properly.The minimum supported version is 14.0.0. Check the community dialects project for available legacy versions.
2026-08-10T14:35:22.390-03:00  INFO 33164 --- [mesafacil] [main] org.hibernate.orm.connections.pooling    : HHH10001005: Database info:
	Database JDBC URL [jdbc:postgresql://localhost:5432/mesa_facil]
	Database driver: PostgreSQL JDBC Driver
	Database dialect: PostgreSQLDialect
	Database version: 13.23
	Default catalog/schema: mesa_facil/public
	Autocommit mode: undefined/unknown
	Isolation level: READ_COMMITTED [default READ_COMMITTED]
	JDBC fetch size: none
	Pool: DataSourceConnectionProvider
	Minimum pool size: undefined/unknown
	Maximum pool size: undefined/unknown
2026-08-10T14:35:22.714-03:00  INFO 33164 --- [mesafacil] [main] org.hibernate.orm.core                   : HHH000489: No JTA platform available (set 'hibernate.transaction.jta.platform' to enable JTA platform integration)
2026-08-10T14:35:22.716-03:00  INFO 33164 --- [mesafacil] [main] j.LocalContainerEntityManagerFactoryBean : Initialized JPA EntityManagerFactory for persistence unit 'default'
2026-08-10T14:35:22.738-03:00  WARN 33164 --- [mesafacil] [main] JpaBaseConfiguration$JpaWebConfiguration : spring.jpa.open-in-view is enabled by default. Therefore, database queries may be performed during view rendering. Explicitly configure spring.jpa.open-in-view to disable this warning
2026-08-10T14:35:22.764-03:00  WARN 33164 --- [mesafacil] [main] .s.a.UserDetailsServiceAutoConfiguration : 

Using generated security password: 200c74ce-ae83-422a-9723-bf7ca4ee9757

This generated password is for development use only. Your security configuration must be updated before running your application in production.

2026-08-10T14:35:22.767-03:00  INFO 33164 --- [mesafacil] [main] r$InitializeUserDetailsManagerConfigurer : Global AuthenticationManager configured with UserDetailsService bean with name inMemoryUserDetailsManager
2026-08-10T14:35:22.886-03:00  INFO 33164 --- [mesafacil] [main] o.s.d.j.r.query.QueryEnhancerFactories   : Hibernate is in classpath; If applicable, HQL parser will be used.
2026-08-10T14:35:22.933-03:00  INFO 33164 --- [mesafacil] [main] o.s.boot.tomcat.TomcatWebServer          : Tomcat started on port 8080 (http) with context path '/'
2026-08-10T14:35:22.935-03:00  INFO 33164 --- [mesafacil] [main] c.q.mesafacil.MesafacilApplication       : Started MesafacilApplication in 1.345 seconds (process running for 1.549)
2026-08-10T14:45:37.017-03:00  INFO 33844 --- [mesafacil] [main] c.q.mesafacil.MesafacilApplicationTests  : Starting MesafacilApplicationTests using Java 17.0.14 with PID 33844 (started by gabriel in /Users/gabriel/Downloads/mesafacil)
2026-08-10T14:45:37.018-03:00  INFO 33844 --- [mesafacil] [main] c.q.mesafacil.MesafacilApplicationTests  : No active profile set, falling back to 1 default profile: "default"
2026-08-10T14:45:37.297-03:00  INFO 33844 --- [mesafacil] [main] .s.d.r.c.RepositoryConfigurationDelegate : Bootstrapping Spring Data JPA repositories in DEFAULT mode.
2026-08-10T14:45:37.318-03:00  INFO 33844 --- [mesafacil] [main] .s.d.r.c.RepositoryConfigurationDelegate : Finished Spring Data repository scanning in 17 ms. Found 1 JPA repository interface.
2026-08-10T14:45:37.492-03:00  INFO 33844 --- [mesafacil] [main] com.zaxxer.hikari.HikariDataSource       : HikariPool-1 - Starting...
2026-08-10T14:45:37.569-03:00  INFO 33844 --- [mesafacil] [main] com.zaxxer.hikari.pool.HikariPool        : HikariPool-1 - Added connection org.postgresql.jdbc.PgConnection@26a4f9ed
2026-08-10T14:45:37.570-03:00  INFO 33844 --- [mesafacil] [main] com.zaxxer.hikari.HikariDataSource       : HikariPool-1 - Start completed.
2026-08-10T14:45:37.589-03:00  INFO 33844 --- [mesafacil] [main] org.hibernate.orm.jpa                    : HHH008540: Processing PersistenceUnitInfo [name: default]
2026-08-10T14:45:37.616-03:00  INFO 33844 --- [mesafacil] [main] org.hibernate.orm.core                   : HHH000001: Hibernate ORM core version 7.4.1.Final
2026-08-10T14:45:37.824-03:00  INFO 33844 --- [mesafacil] [main] o.s.o.j.p.SpringPersistenceUnitInfo      : No LoadTimeWeaver setup: ignoring JPA class transformer
2026-08-10T14:45:37.859-03:00  WARN 33844 --- [mesafacil] [main] org.hibernate.orm.core                   : HHH000511: The 13.23.0 version for [org.hibernate.dialect.PostgreSQLDialect] is no longer supported, hence certain features may not work properly.The minimum supported version is 14.0.0. Check the community dialects project for available legacy versions.
2026-08-10T14:45:37.868-03:00  INFO 33844 --- [mesafacil] [main] org.hibernate.orm.connections.pooling    : HHH10001005: Database info:
	Database JDBC URL [jdbc:postgresql://localhost:5432/mesa_facil]
	Database driver: PostgreSQL JDBC Driver
	Database dialect: PostgreSQLDialect
	Database version: 13.23
	Default catalog/schema: mesa_facil/public
	Autocommit mode: undefined/unknown
	Isolation level: READ_COMMITTED [default READ_COMMITTED]
	JDBC fetch size: none
	Pool: DataSourceConnectionProvider
	Minimum pool size: undefined/unknown
	Maximum pool size: undefined/unknown
2026-08-10T14:45:38.270-03:00  INFO 33844 --- [mesafacil] [main] org.hibernate.orm.core                   : HHH000489: No JTA platform available (set 'hibernate.transaction.jta.platform' to enable JTA platform integration)
2026-08-10T14:45:38.273-03:00  INFO 33844 --- [mesafacil] [main] j.LocalContainerEntityManagerFactoryBean : Initialized JPA EntityManagerFactory for persistence unit 'default'
2026-08-10T14:45:38.313-03:00  WARN 33844 --- [mesafacil] [main] JpaBaseConfiguration$JpaWebConfiguration : spring.jpa.open-in-view is enabled by default. Therefore, database queries may be performed during view rendering. Explicitly configure spring.jpa.open-in-view to disable this warning
2026-08-10T14:45:38.363-03:00  WARN 33844 --- [mesafacil] [main] .s.a.UserDetailsServiceAutoConfiguration : 

Using generated security password: 3ed9310e-1c35-4dd6-a101-e4a2a1b798bc

This generated password is for development use only. Your security configuration must be updated before running your application in production.

2026-08-10T14:45:38.367-03:00  INFO 33844 --- [mesafacil] [main] r$InitializeUserDetailsManagerConfigurer : Global AuthenticationManager configured with UserDetailsService bean with name inMemoryUserDetailsManager
2026-08-10T14:45:38.550-03:00  INFO 33844 --- [mesafacil] [main] o.s.d.j.r.query.QueryEnhancerFactories   : Hibernate is in classpath; If applicable, HQL parser will be used.
2026-08-10T14:45:38.620-03:00  INFO 33844 --- [mesafacil] [main] c.q.mesafacil.MesafacilApplicationTests  : Started MesafacilApplicationTests in 1.719 seconds (process running for 2.152)
2026-08-10T14:45:38.895-03:00  INFO 33844 --- [mesafacil] [SpringApplicationShutdownHook] j.LocalContainerEntityManagerFactoryBean : Closing JPA EntityManagerFactory for persistence unit 'default'
2026-08-10T14:45:38.897-03:00  INFO 33844 --- [mesafacil] [SpringApplicationShutdownHook] com.zaxxer.hikari.HikariDataSource       : HikariPool-1 - Shutdown initiated...
2026-08-10T14:45:38.898-03:00  INFO 33844 --- [mesafacil] [SpringApplicationShutdownHook] com.zaxxer.hikari.HikariDataSource       : HikariPool-1 - Shutdown completed.
2026-08-10T14:46:18.206-03:00  INFO 33164 --- [mesafacil] [SpringApplicationShutdownHook] o.s.boot.tomcat.GracefulShutdown         : Commencing graceful shutdown. Waiting for active requests to complete
2026-08-10T14:46:18.211-03:00  INFO 33164 --- [mesafacil] [tomcat-shutdown] o.s.boot.tomcat.GracefulShutdown         : Graceful shutdown complete
2026-08-10T14:46:18.214-03:00  INFO 33164 --- [mesafacil] [SpringApplicationShutdownHook] j.LocalContainerEntityManagerFactoryBean : Closing JPA EntityManagerFactory for persistence unit 'default'
2026-08-10T14:46:18.215-03:00  INFO 33164 --- [mesafacil] [SpringApplicationShutdownHook] com.zaxxer.hikari.HikariDataSource       : HikariPool-1 - Shutdown initiated...
2026-08-10T14:46:18.216-03:00  INFO 33164 --- [mesafacil] [SpringApplicationShutdownHook] com.zaxxer.hikari.HikariDataSource       : HikariPool-1 - Shutdown completed.
2026-08-10T14:46:24.570-03:00  INFO 33884 --- [mesafacil] [main] c.q.mesafacil.MesafacilApplication       : Starting MesafacilApplication using Java 17.0.14 with PID 33884 (/Users/gabriel/Downloads/mesafacil/target/classes started by gabriel in /Users/gabriel/Downloads/mesafacil)
2026-08-10T14:46:24.571-03:00  INFO 33884 --- [mesafacil] [main] c.q.mesafacil.MesafacilApplication       : No active profile set, falling back to 1 default profile: "default"
2026-08-10T14:46:24.801-03:00  INFO 33884 --- [mesafacil] [main] .s.d.r.c.RepositoryConfigurationDelegate : Bootstrapping Spring Data JPA repositories in DEFAULT mode.
2026-08-10T14:46:24.817-03:00  INFO 33884 --- [mesafacil] [main] .s.d.r.c.RepositoryConfigurationDelegate : Finished Spring Data repository scanning in 13 ms. Found 1 JPA repository interface.
2026-08-10T14:46:24.969-03:00  INFO 33884 --- [mesafacil] [main] o.s.boot.tomcat.TomcatWebServer          : Tomcat initialized with port 8080 (http)
2026-08-10T14:46:24.973-03:00  INFO 33884 --- [mesafacil] [main] o.apache.catalina.core.StandardService   : Starting service [Tomcat]
2026-08-10T14:46:24.973-03:00  INFO 33884 --- [mesafacil] [main] o.apache.catalina.core.StandardEngine    : Starting Servlet engine: [Apache Tomcat/11.0.22]
2026-08-10T14:46:24.986-03:00  INFO 33884 --- [mesafacil] [main] b.w.c.s.WebApplicationContextInitializer : Root WebApplicationContext: initialization completed in 397 ms
2026-08-10T14:46:25.037-03:00  INFO 33884 --- [mesafacil] [main] com.zaxxer.hikari.HikariDataSource       : HikariPool-1 - Starting...
2026-08-10T14:46:25.072-03:00  INFO 33884 --- [mesafacil] [main] com.zaxxer.hikari.pool.HikariPool        : HikariPool-1 - Added connection org.postgresql.jdbc.PgConnection@268c030f
2026-08-10T14:46:25.072-03:00  INFO 33884 --- [mesafacil] [main] com.zaxxer.hikari.HikariDataSource       : HikariPool-1 - Start completed.
2026-08-10T14:46:25.080-03:00  INFO 33884 --- [mesafacil] [main] org.hibernate.orm.jpa                    : HHH008540: Processing PersistenceUnitInfo [name: default]
2026-08-10T14:46:25.094-03:00  INFO 33884 --- [mesafacil] [main] org.hibernate.orm.core                   : HHH000001: Hibernate ORM core version 7.4.1.Final
2026-08-10T14:46:25.204-03:00  INFO 33884 --- [mesafacil] [main] o.s.o.j.p.SpringPersistenceUnitInfo      : No LoadTimeWeaver setup: ignoring JPA class transformer
2026-08-10T14:46:25.228-03:00  WARN 33884 --- [mesafacil] [main] org.hibernate.orm.core                   : HHH000511: The 13.23.0 version for [org.hibernate.dialect.PostgreSQLDialect] is no longer supported, hence certain features may not work properly.The minimum supported version is 14.0.0. Check the community dialects project for available legacy versions.
2026-08-10T14:46:25.237-03:00  INFO 33884 --- [mesafacil] [main] org.hibernate.orm.connections.pooling    : HHH10001005: Database info:
	Database JDBC URL [jdbc:postgresql://localhost:5432/mesa_facil]
	Database driver: PostgreSQL JDBC Driver
	Database dialect: PostgreSQLDialect
	Database version: 13.23
	Default catalog/schema: mesa_facil/public
	Autocommit mode: undefined/unknown
	Isolation level: READ_COMMITTED [default READ_COMMITTED]
	JDBC fetch size: none
	Pool: DataSourceConnectionProvider
	Minimum pool size: undefined/unknown
	Maximum pool size: undefined/unknown
2026-08-10T14:46:25.544-03:00  INFO 33884 --- [mesafacil] [main] org.hibernate.orm.core                   : HHH000489: No JTA platform available (set 'hibernate.transaction.jta.platform' to enable JTA platform integration)
2026-08-10T14:46:25.546-03:00  INFO 33884 --- [mesafacil] [main] j.LocalContainerEntityManagerFactoryBean : Initialized JPA EntityManagerFactory for persistence unit 'default'
2026-08-10T14:46:25.569-03:00  WARN 33884 --- [mesafacil] [main] JpaBaseConfiguration$JpaWebConfiguration : spring.jpa.open-in-view is enabled by default. Therefore, database queries may be performed during view rendering. Explicitly configure spring.jpa.open-in-view to disable this warning
2026-08-10T14:46:25.593-03:00  WARN 33884 --- [mesafacil] [main] .s.a.UserDetailsServiceAutoConfiguration : 

Using generated security password: c61b3667-4477-4195-8cde-b05e3394d5e2

This generated password is for development use only. Your security configuration must be updated before running your application in production.

2026-08-10T14:46:25.596-03:00  INFO 33884 --- [mesafacil] [main] r$InitializeUserDetailsManagerConfigurer : Global AuthenticationManager configured with UserDetailsService bean with name inMemoryUserDetailsManager
2026-08-10T14:46:25.739-03:00  INFO 33884 --- [mesafacil] [main] o.s.d.j.r.query.QueryEnhancerFactories   : Hibernate is in classpath; If applicable, HQL parser will be used.
2026-08-10T14:46:25.781-03:00  INFO 33884 --- [mesafacil] [main] o.s.boot.tomcat.TomcatWebServer          : Tomcat started on port 8080 (http) with context path '/'
2026-08-10T14:46:25.784-03:00  INFO 33884 --- [mesafacil] [main] c.q.mesafacil.MesafacilApplication       : Started MesafacilApplication in 1.409 seconds (process running for 1.611)
2026-08-10T14:58:45.443-03:00  INFO 33884 --- [mesafacil] [SpringApplicationShutdownHook] o.s.boot.tomcat.GracefulShutdown         : Commencing graceful shutdown. Waiting for active requests to complete
2026-08-10T14:58:45.448-03:00  INFO 33884 --- [mesafacil] [tomcat-shutdown] o.s.boot.tomcat.GracefulShutdown         : Graceful shutdown complete
2026-08-10T14:58:45.451-03:00  INFO 33884 --- [mesafacil] [SpringApplicationShutdownHook] j.LocalContainerEntityManagerFactoryBean : Closing JPA EntityManagerFactory for persistence unit 'default'
2026-08-10T14:58:45.452-03:00  INFO 33884 --- [mesafacil] [SpringApplicationShutdownHook] com.zaxxer.hikari.HikariDataSource       : HikariPool-1 - Shutdown initiated...
2026-08-10T14:58:45.453-03:00  INFO 33884 --- [mesafacil] [SpringApplicationShutdownHook] com.zaxxer.hikari.HikariDataSource       : HikariPool-1 - Shutdown completed.
2026-08-10T14:58:47.937-03:00  INFO 34233 --- [mesafacil] [main] c.q.mesafacil.MesafacilApplication       : Starting MesafacilApplication using Java 17.0.14 with PID 34233 (/Users/gabriel/Downloads/mesafacil/target/classes started by gabriel in /Users/gabriel/Downloads/mesafacil)
2026-08-10T14:58:47.938-03:00  INFO 34233 --- [mesafacil] [main] c.q.mesafacil.MesafacilApplication       : No active profile set, falling back to 1 default profile: "default"
2026-08-10T14:58:48.146-03:00  INFO 34233 --- [mesafacil] [main] .s.d.r.c.RepositoryConfigurationDelegate : Bootstrapping Spring Data JPA repositories in DEFAULT mode.
2026-08-10T14:58:48.162-03:00  INFO 34233 --- [mesafacil] [main] .s.d.r.c.RepositoryConfigurationDelegate : Finished Spring Data repository scanning in 12 ms. Found 1 JPA repository interface.
2026-08-10T14:58:48.301-03:00  INFO 34233 --- [mesafacil] [main] o.s.boot.tomcat.TomcatWebServer          : Tomcat initialized with port 8080 (http)
2026-08-10T14:58:48.305-03:00  INFO 34233 --- [mesafacil] [main] o.apache.catalina.core.StandardService   : Starting service [Tomcat]
2026-08-10T14:58:48.305-03:00  INFO 34233 --- [mesafacil] [main] o.apache.catalina.core.StandardEngine    : Starting Servlet engine: [Apache Tomcat/11.0.22]
2026-08-10T14:58:48.317-03:00  INFO 34233 --- [mesafacil] [main] b.w.c.s.WebApplicationContextInitializer : Root WebApplicationContext: initialization completed in 364 ms
2026-08-10T14:58:48.322-03:00 ERROR 34233 --- [mesafacil] [main] t.s.DeferredServletContainerInitializers : Error starting Tomcat context. Exception: org.springframework.beans.factory.UnsatisfiedDependencyException. Message: Error creating bean with name 'jwtAuthenticationFilter' defined in file [/Users/gabriel/Downloads/mesafacil/target/classes/com/quiosque/mesafacil/Config/JwtAuthenticationFilter.class]: Unsatisfied dependency expressed through constructor parameter 0: Error creating bean with name 'jwtService' defined in file [/Users/gabriel/Downloads/mesafacil/target/classes/com/quiosque/mesafacil/Config/JwtService.class]: Failed to instantiate [com.quiosque.mesafacil.Config.JwtService]: Constructor threw exception
2026-08-10T14:58:48.330-03:00  INFO 34233 --- [mesafacil] [main] o.apache.catalina.core.StandardService   : Stopping service [Tomcat]
2026-08-10T14:58:48.333-03:00  WARN 34233 --- [mesafacil] [main] ConfigServletWebServerApplicationContext : Exception encountered during context initialization - cancelling refresh attempt: org.springframework.context.ApplicationContextException: Unable to start web server
2026-08-10T14:58:48.335-03:00  INFO 34233 --- [mesafacil] [main] .s.b.a.l.ConditionEvaluationReportLogger : 

Error starting ApplicationContext. To display the condition evaluation report re-run your application with 'debug' enabled.
2026-08-10T14:58:48.339-03:00 ERROR 34233 --- [mesafacil] [main] o.s.boot.SpringApplication               : Application run failed

org.springframework.context.ApplicationContextException: Unable to start web server
	at org.springframework.boot.web.server.servlet.context.ServletWebServerApplicationContext.onRefresh(ServletWebServerApplicationContext.java:167) ~[spring-boot-web-server-4.1.0.jar:4.1.0]
	at org.springframework.context.support.AbstractApplicationContext.refresh(AbstractApplicationContext.java:615) ~[spring-context-7.0.8.jar:7.0.8]
	at org.springframework.boot.web.server.servlet.context.ServletWebServerApplicationContext.refresh(ServletWebServerApplicationContext.java:143) ~[spring-boot-web-server-4.1.0.jar:4.1.0]
	at org.springframework.boot.SpringApplication.refresh(SpringApplication.java:756) ~[spring-boot-4.1.0.jar:4.1.0]
	at org.springframework.boot.SpringApplication.refreshContext(SpringApplication.java:445) ~[spring-boot-4.1.0.jar:4.1.0]
	at org.springframework.boot.SpringApplication.run(SpringApplication.java:321) ~[spring-boot-4.1.0.jar:4.1.0]
	at org.springframework.boot.SpringApplication.run(SpringApplication.java:1365) ~[spring-boot-4.1.0.jar:4.1.0]
	at org.springframework.boot.SpringApplication.run(SpringApplication.java:1354) ~[spring-boot-4.1.0.jar:4.1.0]
	at com.quiosque.mesafacil.MesafacilApplication.main(MesafacilApplication.java:10) ~[classes/:na]
Caused by: org.springframework.boot.web.server.WebServerException: Unable to start embedded Tomcat
	at org.springframework.boot.tomcat.TomcatWebServer.initialize(TomcatWebServer.java:150) ~[spring-boot-tomcat-4.1.0.jar:4.1.0]
	at org.springframework.boot.tomcat.TomcatWebServer.<init>(TomcatWebServer.java:110) ~[spring-boot-tomcat-4.1.0.jar:4.1.0]
	at org.springframework.boot.tomcat.servlet.TomcatServletWebServerFactory.getTomcatWebServer(TomcatServletWebServerFactory.java:429) ~[spring-boot-tomcat-4.1.0.jar:4.1.0]
	at org.springframework.boot.tomcat.servlet.TomcatServletWebServerFactory.getWebServer(TomcatServletWebServerFactory.java:167) ~[spring-boot-tomcat-4.1.0.jar:4.1.0]
	at org.springframework.boot.web.server.servlet.context.ServletWebServerApplicationContext.createWebServer(ServletWebServerApplicationContext.java:190) ~[spring-boot-web-server-4.1.0.jar:4.1.0]
	at org.springframework.boot.web.server.servlet.context.ServletWebServerApplicationContext.onRefresh(ServletWebServerApplicationContext.java:164) ~[spring-boot-web-server-4.1.0.jar:4.1.0]
	... 8 common frames omitted
Caused by: org.springframework.beans.factory.UnsatisfiedDependencyException: Error creating bean with name 'jwtAuthenticationFilter' defined in file [/Users/gabriel/Downloads/mesafacil/target/classes/com/quiosque/mesafacil/Config/JwtAuthenticationFilter.class]: Unsatisfied dependency expressed through constructor parameter 0: Error creating bean with name 'jwtService' defined in file [/Users/gabriel/Downloads/mesafacil/target/classes/com/quiosque/mesafacil/Config/JwtService.class]: Failed to instantiate [com.quiosque.mesafacil.Config.JwtService]: Constructor threw exception
	at org.springframework.beans.factory.support.ConstructorResolver.createArgumentArray(ConstructorResolver.java:804) ~[spring-beans-7.0.8.jar:7.0.8]
	at org.springframework.beans.factory.support.ConstructorResolver.autowireConstructor(ConstructorResolver.java:240) ~[spring-beans-7.0.8.jar:7.0.8]
	at org.springframework.beans.factory.support.AbstractAutowireCapableBeanFactory.autowireConstructor(AbstractAutowireCapableBeanFactory.java:1380) ~[spring-beans-7.0.8.jar:7.0.8]
	at org.springframework.beans.factory.support.AbstractAutowireCapableBeanFactory.createBeanInstance(AbstractAutowireCapableBeanFactory.java:1219) ~[spring-beans-7.0.8.jar:7.0.8]
	at org.springframework.beans.factory.support.AbstractAutowireCapableBeanFactory.doCreateBean(AbstractAutowireCapableBeanFactory.java:565) ~[spring-beans-7.0.8.jar:7.0.8]
	at org.springframework.beans.factory.support.AbstractAutowireCapableBeanFactory.createBean(AbstractAutowireCapableBeanFactory.java:525) ~[spring-beans-7.0.8.jar:7.0.8]
	at org.springframework.beans.factory.support.AbstractBeanFactory.lambda$doGetBean$0(AbstractBeanFactory.java:333) ~[spring-beans-7.0.8.jar:7.0.8]
	at org.springframework.beans.factory.support.DefaultSingletonBeanRegistry.getSingleton(DefaultSingletonBeanRegistry.java:371) ~[spring-beans-7.0.8.jar:7.0.8]
	at org.springframework.beans.factory.support.AbstractBeanFactory.doGetBean(AbstractBeanFactory.java:331) ~[spring-beans-7.0.8.jar:7.0.8]
	at org.springframework.beans.factory.support.AbstractBeanFactory.getBean(AbstractBeanFactory.java:201) ~[spring-beans-7.0.8.jar:7.0.8]
	at org.springframework.boot.web.servlet.ServletContextInitializerBeans.getOrderedBeansOfType(ServletContextInitializerBeans.java:231) ~[spring-boot-4.1.0.jar:4.1.0]
	at org.springframework.boot.web.servlet.ServletContextInitializerBeans.addAsRegistrationBean(ServletContextInitializerBeans.java:185) ~[spring-boot-4.1.0.jar:4.1.0]
	at org.springframework.boot.web.servlet.ServletContextInitializerBeans.addAsRegistrationBean(ServletContextInitializerBeans.java:180) ~[spring-boot-4.1.0.jar:4.1.0]
	at org.springframework.boot.web.servlet.ServletContextInitializerBeans.addAdaptableBeans(ServletContextInitializerBeans.java:165) ~[spring-boot-4.1.0.jar:4.1.0]
	at org.springframework.boot.web.servlet.ServletContextInitializerBeans.<init>(ServletContextInitializerBeans.java:97) ~[spring-boot-4.1.0.jar:4.1.0]
	at org.springframework.boot.web.context.servlet.WebApplicationContextInitializer.initialize(WebApplicationContextInitializer.java:53) ~[spring-boot-4.1.0.jar:4.1.0]
	at org.springframework.boot.tomcat.servlet.DeferredServletContainerInitializers.onStartup(DeferredServletContainerInitializers.java:55) ~[spring-boot-tomcat-4.1.0.jar:4.1.0]
	at org.apache.catalina.core.StandardContext.startInternal(StandardContext.java:4420) ~[tomcat-embed-core-11.0.22.jar:11.0.22]
	at org.apache.catalina.util.LifecycleBase.start(LifecycleBase.java:164) ~[tomcat-embed-core-11.0.22.jar:11.0.22]
	at org.apache.catalina.core.ContainerBase$StartChild.call(ContainerBase.java:1162) ~[tomcat-embed-core-11.0.22.jar:11.0.22]
	at org.apache.catalina.core.ContainerBase$StartChild.call(ContainerBase.java:1158) ~[tomcat-embed-core-11.0.22.jar:11.0.22]
	at java.base/java.util.concurrent.FutureTask.run(FutureTask.java:264) ~[na:na]
	at org.apache.tomcat.util.threads.InlineExecutorService.execute(InlineExecutorService.java:81) ~[tomcat-embed-core-11.0.22.jar:11.0.22]
	at java.base/java.util.concurrent.AbstractExecutorService.submit(AbstractExecutorService.java:145) ~[na:na]
	at org.apache.catalina.core.ContainerBase.startInternal(ContainerBase.java:714) ~[tomcat-embed-core-11.0.22.jar:11.0.22]
	at org.apache.catalina.core.StandardHost.startInternal(StandardHost.java:780) ~[tomcat-embed-core-11.0.22.jar:11.0.22]
	at org.apache.catalina.util.LifecycleBase.start(LifecycleBase.java:164) ~[tomcat-embed-core-11.0.22.jar:11.0.22]
	at org.apache.catalina.core.ContainerBase$StartChild.call(ContainerBase.java:1162) ~[tomcat-embed-core-11.0.22.jar:11.0.22]
	at org.apache.catalina.core.ContainerBase$StartChild.call(ContainerBase.java:1158) ~[tomcat-embed-core-11.0.22.jar:11.0.22]
	at java.base/java.util.concurrent.FutureTask.run(FutureTask.java:264) ~[na:na]
	at org.apache.tomcat.util.threads.InlineExecutorService.execute(InlineExecutorService.java:81) ~[tomcat-embed-core-11.0.22.jar:11.0.22]
	at java.base/java.util.concurrent.AbstractExecutorService.submit(AbstractExecutorService.java:145) ~[na:na]
	at org.apache.catalina.core.ContainerBase.startInternal(ContainerBase.java:714) ~[tomcat-embed-core-11.0.22.jar:11.0.22]
	at org.apache.catalina.core.StandardEngine.startInternal(StandardEngine.java:201) ~[tomcat-embed-core-11.0.22.jar:11.0.22]
	at org.apache.catalina.util.LifecycleBase.start(LifecycleBase.java:164) ~[tomcat-embed-core-11.0.22.jar:11.0.22]
	at org.apache.catalina.core.StandardService.startInternal(StandardService.java:410) ~[tomcat-embed-core-11.0.22.jar:11.0.22]
	at org.apache.catalina.util.LifecycleBase.start(LifecycleBase.java:164) ~[tomcat-embed-core-11.0.22.jar:11.0.22]
	at org.apache.catalina.core.StandardServer.startInternal(StandardServer.java:864) ~[tomcat-embed-core-11.0.22.jar:11.0.22]
	at org.apache.catalina.util.LifecycleBase.start(LifecycleBase.java:164) ~[tomcat-embed-core-11.0.22.jar:11.0.22]
	at org.apache.catalina.startup.Tomcat.start(Tomcat.java:435) ~[tomcat-embed-core-11.0.22.jar:11.0.22]
	at org.springframework.boot.tomcat.TomcatWebServer.initialize(TomcatWebServer.java:131) ~[spring-boot-tomcat-4.1.0.jar:4.1.0]
	... 13 common frames omitted
Caused by: org.springframework.beans.factory.BeanCreationException: Error creating bean with name 'jwtService' defined in file [/Users/gabriel/Downloads/mesafacil/target/classes/com/quiosque/mesafacil/Config/JwtService.class]: Failed to instantiate [com.quiosque.mesafacil.Config.JwtService]: Constructor threw exception
	at org.springframework.beans.factory.support.AbstractAutowireCapableBeanFactory.instantiateBean(AbstractAutowireCapableBeanFactory.java:1342) ~[spring-beans-7.0.8.jar:7.0.8]
	at org.springframework.beans.factory.support.AbstractAutowireCapableBeanFactory.createBeanInstance(AbstractAutowireCapableBeanFactory.java:1229) ~[spring-beans-7.0.8.jar:7.0.8]
	at org.springframework.beans.factory.support.AbstractAutowireCapableBeanFactory.doCreateBean(AbstractAutowireCapableBeanFactory.java:565) ~[spring-beans-7.0.8.jar:7.0.8]
	at org.springframework.beans.factory.support.AbstractAutowireCapableBeanFactory.createBean(AbstractAutowireCapableBeanFactory.java:525) ~[spring-beans-7.0.8.jar:7.0.8]
	at org.springframework.beans.factory.support.AbstractBeanFactory.lambda$doGetBean$0(AbstractBeanFactory.java:333) ~[spring-beans-7.0.8.jar:7.0.8]
	at org.springframework.beans.factory.support.DefaultSingletonBeanRegistry.getSingleton(DefaultSingletonBeanRegistry.java:371) ~[spring-beans-7.0.8.jar:7.0.8]
	at org.springframework.beans.factory.support.AbstractBeanFactory.doGetBean(AbstractBeanFactory.java:331) ~[spring-beans-7.0.8.jar:7.0.8]
	at org.springframework.beans.factory.support.AbstractBeanFactory.getBean(AbstractBeanFactory.java:201) ~[spring-beans-7.0.8.jar:7.0.8]
	at org.springframework.beans.factory.support.DefaultListableBeanFactory.resolveBean(DefaultListableBeanFactory.java:1232) ~[spring-beans-7.0.8.jar:7.0.8]
	at org.springframework.beans.factory.support.DefaultListableBeanFactory.doResolveDependency(DefaultListableBeanFactory.java:1711) ~[spring-beans-7.0.8.jar:7.0.8]
	at org.springframework.beans.factory.support.DefaultListableBeanFactory.resolveDependency(DefaultListableBeanFactory.java:1658) ~[spring-beans-7.0.8.jar:7.0.8]
	at org.springframework.beans.factory.support.ConstructorResolver.resolveAutowiredArgument(ConstructorResolver.java:912) ~[spring-beans-7.0.8.jar:7.0.8]
	at org.springframework.beans.factory.support.ConstructorResolver.createArgumentArray(ConstructorResolver.java:791) ~[spring-beans-7.0.8.jar:7.0.8]
	... 53 common frames omitted
Caused by: org.springframework.beans.BeanInstantiationException: Failed to instantiate [com.quiosque.mesafacil.Config.JwtService]: Constructor threw exception
	at org.springframework.beans.BeanUtils.instantiateClass(BeanUtils.java:220) ~[spring-beans-7.0.8.jar:7.0.8]
	at org.springframework.beans.factory.support.SimpleInstantiationStrategy.instantiate(SimpleInstantiationStrategy.java:106) ~[spring-beans-7.0.8.jar:7.0.8]
	at org.springframework.beans.factory.support.AbstractAutowireCapableBeanFactory.instantiateBean(AbstractAutowireCapableBeanFactory.java:1336) ~[spring-beans-7.0.8.jar:7.0.8]
	... 65 common frames omitted
Caused by: io.jsonwebtoken.security.WeakKeyException: The specified key byte array is 160 bits which is not secure enough for any JWT HMAC-SHA algorithm.  The JWT JWA Specification (RFC 7518, Section 3.2) states that keys used with HMAC-SHA algorithms MUST have a size >= 256 bits (the key size must be greater than or equal to the hash output size).  Consider using the io.jsonwebtoken.security.Keys#secretKeyFor(SignatureAlgorithm) method to create a key guaranteed to be secure enough for your preferred HMAC-SHA algorithm.  See https://tools.ietf.org/html/rfc7518#section-3.2 for more information.
	at io.jsonwebtoken.security.Keys.hmacShaKeyFor(Keys.java:96) ~[jjwt-api-0.11.5.jar:0.11.5]
	at com.quiosque.mesafacil.Config.JwtService.<init>(JwtService.java:19) ~[classes/:na]
	at java.base/jdk.internal.reflect.NativeConstructorAccessorImpl.newInstance0(Native Method) ~[na:na]
	at java.base/jdk.internal.reflect.NativeConstructorAccessorImpl.newInstance(NativeConstructorAccessorImpl.java:77) ~[na:na]
	at java.base/jdk.internal.reflect.DelegatingConstructorAccessorImpl.newInstance(DelegatingConstructorAccessorImpl.java:45) ~[na:na]
	at java.base/java.lang.reflect.Constructor.newInstanceWithCaller(Constructor.java:500) ~[na:na]
	at java.base/java.lang.reflect.Constructor.newInstance(Constructor.java:481) ~[na:na]
	at org.springframework.beans.BeanUtils.instantiateClass(BeanUtils.java:194) ~[spring-beans-7.0.8.jar:7.0.8]
	... 67 common frames omitted

2026-08-10T14:58:54.348-03:00  INFO 34242 --- [mesafacil] [main] c.q.mesafacil.MesafacilApplication       : Starting MesafacilApplication using Java 17.0.14 with PID 34242 (/Users/gabriel/Downloads/mesafacil/target/classes started by gabriel in /Users/gabriel/Downloads/mesafacil)
2026-08-10T14:58:54.349-03:00  INFO 34242 --- [mesafacil] [main] c.q.mesafacil.MesafacilApplication       : No active profile set, falling back to 1 default profile: "default"
2026-08-10T14:58:54.549-03:00  INFO 34242 --- [mesafacil] [main] .s.d.r.c.RepositoryConfigurationDelegate : Bootstrapping Spring Data JPA repositories in DEFAULT mode.
2026-08-10T14:58:54.565-03:00  INFO 34242 --- [mesafacil] [main] .s.d.r.c.RepositoryConfigurationDelegate : Finished Spring Data repository scanning in 12 ms. Found 1 JPA repository interface.
2026-08-10T14:58:54.705-03:00  INFO 34242 --- [mesafacil] [main] o.s.boot.tomcat.TomcatWebServer          : Tomcat initialized with port 8080 (http)
2026-08-10T14:58:54.709-03:00  INFO 34242 --- [mesafacil] [main] o.apache.catalina.core.StandardService   : Starting service [Tomcat]
2026-08-10T14:58:54.709-03:00  INFO 34242 --- [mesafacil] [main] o.apache.catalina.core.StandardEngine    : Starting Servlet engine: [Apache Tomcat/11.0.22]
2026-08-10T14:58:54.721-03:00  INFO 34242 --- [mesafacil] [main] b.w.c.s.WebApplicationContextInitializer : Root WebApplicationContext: initialization completed in 354 ms
2026-08-10T14:58:54.725-03:00 ERROR 34242 --- [mesafacil] [main] t.s.DeferredServletContainerInitializers : Error starting Tomcat context. Exception: org.springframework.beans.factory.UnsatisfiedDependencyException. Message: Error creating bean with name 'jwtAuthenticationFilter' defined in file [/Users/gabriel/Downloads/mesafacil/target/classes/com/quiosque/mesafacil/Config/JwtAuthenticationFilter.class]: Unsatisfied dependency expressed through constructor parameter 0: Error creating bean with name 'jwtService' defined in file [/Users/gabriel/Downloads/mesafacil/target/classes/com/quiosque/mesafacil/Config/JwtService.class]: Failed to instantiate [com.quiosque.mesafacil.Config.JwtService]: Constructor threw exception
2026-08-10T14:58:54.732-03:00  INFO 34242 --- [mesafacil] [main] o.apache.catalina.core.StandardService   : Stopping service [Tomcat]
2026-08-10T14:58:54.736-03:00  WARN 34242 --- [mesafacil] [main] ConfigServletWebServerApplicationContext : Exception encountered during context initialization - cancelling refresh attempt: org.springframework.context.ApplicationContextException: Unable to start web server
2026-08-10T14:58:54.738-03:00  INFO 34242 --- [mesafacil] [main] .s.b.a.l.ConditionEvaluationReportLogger : 

Error starting ApplicationContext. To display the condition evaluation report re-run your application with 'debug' enabled.
2026-08-10T14:58:54.741-03:00 ERROR 34242 --- [mesafacil] [main] o.s.boot.SpringApplication               : Application run failed

org.springframework.context.ApplicationContextException: Unable to start web server
	at org.springframework.boot.web.server.servlet.context.ServletWebServerApplicationContext.onRefresh(ServletWebServerApplicationContext.java:167) ~[spring-boot-web-server-4.1.0.jar:4.1.0]
	at org.springframework.context.support.AbstractApplicationContext.refresh(AbstractApplicationContext.java:615) ~[spring-context-7.0.8.jar:7.0.8]
	at org.springframework.boot.web.server.servlet.context.ServletWebServerApplicationContext.refresh(ServletWebServerApplicationContext.java:143) ~[spring-boot-web-server-4.1.0.jar:4.1.0]
	at org.springframework.boot.SpringApplication.refresh(SpringApplication.java:756) ~[spring-boot-4.1.0.jar:4.1.0]
	at org.springframework.boot.SpringApplication.refreshContext(SpringApplication.java:445) ~[spring-boot-4.1.0.jar:4.1.0]
	at org.springframework.boot.SpringApplication.run(SpringApplication.java:321) ~[spring-boot-4.1.0.jar:4.1.0]
	at org.springframework.boot.SpringApplication.run(SpringApplication.java:1365) ~[spring-boot-4.1.0.jar:4.1.0]
	at org.springframework.boot.SpringApplication.run(SpringApplication.java:1354) ~[spring-boot-4.1.0.jar:4.1.0]
	at com.quiosque.mesafacil.MesafacilApplication.main(MesafacilApplication.java:10) ~[classes/:na]
Caused by: org.springframework.boot.web.server.WebServerException: Unable to start embedded Tomcat
	at org.springframework.boot.tomcat.TomcatWebServer.initialize(TomcatWebServer.java:150) ~[spring-boot-tomcat-4.1.0.jar:4.1.0]
	at org.springframework.boot.tomcat.TomcatWebServer.<init>(TomcatWebServer.java:110) ~[spring-boot-tomcat-4.1.0.jar:4.1.0]
	at org.springframework.boot.tomcat.servlet.TomcatServletWebServerFactory.getTomcatWebServer(TomcatServletWebServerFactory.java:429) ~[spring-boot-tomcat-4.1.0.jar:4.1.0]
	at org.springframework.boot.tomcat.servlet.TomcatServletWebServerFactory.getWebServer(TomcatServletWebServerFactory.java:167) ~[spring-boot-tomcat-4.1.0.jar:4.1.0]
	at org.springframework.boot.web.server.servlet.context.ServletWebServerApplicationContext.createWebServer(ServletWebServerApplicationContext.java:190) ~[spring-boot-web-server-4.1.0.jar:4.1.0]
	at org.springframework.boot.web.server.servlet.context.ServletWebServerApplicationContext.onRefresh(ServletWebServerApplicationContext.java:164) ~[spring-boot-web-server-4.1.0.jar:4.1.0]
	... 8 common frames omitted
Caused by: org.springframework.beans.factory.UnsatisfiedDependencyException: Error creating bean with name 'jwtAuthenticationFilter' defined in file [/Users/gabriel/Downloads/mesafacil/target/classes/com/quiosque/mesafacil/Config/JwtAuthenticationFilter.class]: Unsatisfied dependency expressed through constructor parameter 0: Error creating bean with name 'jwtService' defined in file [/Users/gabriel/Downloads/mesafacil/target/classes/com/quiosque/mesafacil/Config/JwtService.class]: Failed to instantiate [com.quiosque.mesafacil.Config.JwtService]: Constructor threw exception
	at org.springframework.beans.factory.support.ConstructorResolver.createArgumentArray(ConstructorResolver.java:804) ~[spring-beans-7.0.8.jar:7.0.8]
	at org.springframework.beans.factory.support.ConstructorResolver.autowireConstructor(ConstructorResolver.java:240) ~[spring-beans-7.0.8.jar:7.0.8]
	at org.springframework.beans.factory.support.AbstractAutowireCapableBeanFactory.autowireConstructor(AbstractAutowireCapableBeanFactory.java:1380) ~[spring-beans-7.0.8.jar:7.0.8]
	at org.springframework.beans.factory.support.AbstractAutowireCapableBeanFactory.createBeanInstance(AbstractAutowireCapableBeanFactory.java:1219) ~[spring-beans-7.0.8.jar:7.0.8]
	at org.springframework.beans.factory.support.AbstractAutowireCapableBeanFactory.doCreateBean(AbstractAutowireCapableBeanFactory.java:565) ~[spring-beans-7.0.8.jar:7.0.8]
	at org.springframework.beans.factory.support.AbstractAutowireCapableBeanFactory.createBean(AbstractAutowireCapableBeanFactory.java:525) ~[spring-beans-7.0.8.jar:7.0.8]
	at org.springframework.beans.factory.support.AbstractBeanFactory.lambda$doGetBean$0(AbstractBeanFactory.java:333) ~[spring-beans-7.0.8.jar:7.0.8]
	at org.springframework.beans.factory.support.DefaultSingletonBeanRegistry.getSingleton(DefaultSingletonBeanRegistry.java:371) ~[spring-beans-7.0.8.jar:7.0.8]
	at org.springframework.beans.factory.support.AbstractBeanFactory.doGetBean(AbstractBeanFactory.java:331) ~[spring-beans-7.0.8.jar:7.0.8]
	at org.springframework.beans.factory.support.AbstractBeanFactory.getBean(AbstractBeanFactory.java:201) ~[spring-beans-7.0.8.jar:7.0.8]
	at org.springframework.boot.web.servlet.ServletContextInitializerBeans.getOrderedBeansOfType(ServletContextInitializerBeans.java:231) ~[spring-boot-4.1.0.jar:4.1.0]
	at org.springframework.boot.web.servlet.ServletContextInitializerBeans.addAsRegistrationBean(ServletContextInitializerBeans.java:185) ~[spring-boot-4.1.0.jar:4.1.0]
	at org.springframework.boot.web.servlet.ServletContextInitializerBeans.addAsRegistrationBean(ServletContextInitializerBeans.java:180) ~[spring-boot-4.1.0.jar:4.1.0]
	at org.springframework.boot.web.servlet.ServletContextInitializerBeans.addAdaptableBeans(ServletContextInitializerBeans.java:165) ~[spring-boot-4.1.0.jar:4.1.0]
	at org.springframework.boot.web.servlet.ServletContextInitializerBeans.<init>(ServletContextInitializerBeans.java:97) ~[spring-boot-4.1.0.jar:4.1.0]
	at org.springframework.boot.web.context.servlet.WebApplicationContextInitializer.initialize(WebApplicationContextInitializer.java:53) ~[spring-boot-4.1.0.jar:4.1.0]
	at org.springframework.boot.tomcat.servlet.DeferredServletContainerInitializers.onStartup(DeferredServletContainerInitializers.java:55) ~[spring-boot-tomcat-4.1.0.jar:4.1.0]
	at org.apache.catalina.core.StandardContext.startInternal(StandardContext.java:4420) ~[tomcat-embed-core-11.0.22.jar:11.0.22]
	at org.apache.catalina.util.LifecycleBase.start(LifecycleBase.java:164) ~[tomcat-embed-core-11.0.22.jar:11.0.22]
	at org.apache.catalina.core.ContainerBase$StartChild.call(ContainerBase.java:1162) ~[tomcat-embed-core-11.0.22.jar:11.0.22]
	at org.apache.catalina.core.ContainerBase$StartChild.call(ContainerBase.java:1158) ~[tomcat-embed-core-11.0.22.jar:11.0.22]
	at java.base/java.util.concurrent.FutureTask.run(FutureTask.java:264) ~[na:na]
	at org.apache.tomcat.util.threads.InlineExecutorService.execute(InlineExecutorService.java:81) ~[tomcat-embed-core-11.0.22.jar:11.0.22]
	at java.base/java.util.concurrent.AbstractExecutorService.submit(AbstractExecutorService.java:145) ~[na:na]
	at org.apache.catalina.core.ContainerBase.startInternal(ContainerBase.java:714) ~[tomcat-embed-core-11.0.22.jar:11.0.22]
	at org.apache.catalina.core.StandardHost.startInternal(StandardHost.java:780) ~[tomcat-embed-core-11.0.22.jar:11.0.22]
	at org.apache.catalina.util.LifecycleBase.start(LifecycleBase.java:164) ~[tomcat-embed-core-11.0.22.jar:11.0.22]
	at org.apache.catalina.core.ContainerBase$StartChild.call(ContainerBase.java:1162) ~[tomcat-embed-core-11.0.22.jar:11.0.22]
	at org.apache.catalina.core.ContainerBase$StartChild.call(ContainerBase.java:1158) ~[tomcat-embed-core-11.0.22.jar:11.0.22]
	at java.base/java.util.concurrent.FutureTask.run(FutureTask.java:264) ~[na:na]
	at org.apache.tomcat.util.threads.InlineExecutorService.execute(InlineExecutorService.java:81) ~[tomcat-embed-core-11.0.22.jar:11.0.22]
	at java.base/java.util.concurrent.AbstractExecutorService.submit(AbstractExecutorService.java:145) ~[na:na]
	at org.apache.catalina.core.ContainerBase.startInternal(ContainerBase.java:714) ~[tomcat-embed-core-11.0.22.jar:11.0.22]
	at org.apache.catalina.core.StandardEngine.startInternal(StandardEngine.java:201) ~[tomcat-embed-core-11.0.22.jar:11.0.22]
	at org.apache.catalina.util.LifecycleBase.start(LifecycleBase.java:164) ~[tomcat-embed-core-11.0.22.jar:11.0.22]
	at org.apache.catalina.core.StandardService.startInternal(StandardService.java:410) ~[tomcat-embed-core-11.0.22.jar:11.0.22]
	at org.apache.catalina.util.LifecycleBase.start(LifecycleBase.java:164) ~[tomcat-embed-core-11.0.22.jar:11.0.22]
	at org.apache.catalina.core.StandardServer.startInternal(StandardServer.java:864) ~[tomcat-embed-core-11.0.22.jar:11.0.22]
	at org.apache.catalina.util.LifecycleBase.start(LifecycleBase.java:164) ~[tomcat-embed-core-11.0.22.jar:11.0.22]
	at org.apache.catalina.startup.Tomcat.start(Tomcat.java:435) ~[tomcat-embed-core-11.0.22.jar:11.0.22]
	at org.springframework.boot.tomcat.TomcatWebServer.initialize(TomcatWebServer.java:131) ~[spring-boot-tomcat-4.1.0.jar:4.1.0]
	... 13 common frames omitted
Caused by: org.springframework.beans.factory.BeanCreationException: Error creating bean with name 'jwtService' defined in file [/Users/gabriel/Downloads/mesafacil/target/classes/com/quiosque/mesafacil/Config/JwtService.class]: Failed to instantiate [com.quiosque.mesafacil.Config.JwtService]: Constructor threw exception
	at org.springframework.beans.factory.support.AbstractAutowireCapableBeanFactory.instantiateBean(AbstractAutowireCapableBeanFactory.java:1342) ~[spring-beans-7.0.8.jar:7.0.8]
	at org.springframework.beans.factory.support.AbstractAutowireCapableBeanFactory.createBeanInstance(AbstractAutowireCapableBeanFactory.java:1229) ~[spring-beans-7.0.8.jar:7.0.8]
	at org.springframework.beans.factory.support.AbstractAutowireCapableBeanFactory.doCreateBean(AbstractAutowireCapableBeanFactory.java:565) ~[spring-beans-7.0.8.jar:7.0.8]
	at org.springframework.beans.factory.support.AbstractAutowireCapableBeanFactory.createBean(AbstractAutowireCapableBeanFactory.java:525) ~[spring-beans-7.0.8.jar:7.0.8]
	at org.springframework.beans.factory.support.AbstractBeanFactory.lambda$doGetBean$0(AbstractBeanFactory.java:333) ~[spring-beans-7.0.8.jar:7.0.8]
	at org.springframework.beans.factory.support.DefaultSingletonBeanRegistry.getSingleton(DefaultSingletonBeanRegistry.java:371) ~[spring-beans-7.0.8.jar:7.0.8]
	at org.springframework.beans.factory.support.AbstractBeanFactory.doGetBean(AbstractBeanFactory.java:331) ~[spring-beans-7.0.8.jar:7.0.8]
	at org.springframework.beans.factory.support.AbstractBeanFactory.getBean(AbstractBeanFactory.java:201) ~[spring-beans-7.0.8.jar:7.0.8]
	at org.springframework.beans.factory.support.DefaultListableBeanFactory.resolveBean(DefaultListableBeanFactory.java:1232) ~[spring-beans-7.0.8.jar:7.0.8]
	at org.springframework.beans.factory.support.DefaultListableBeanFactory.doResolveDependency(DefaultListableBeanFactory.java:1711) ~[spring-beans-7.0.8.jar:7.0.8]
	at org.springframework.beans.factory.support.DefaultListableBeanFactory.resolveDependency(DefaultListableBeanFactory.java:1658) ~[spring-beans-7.0.8.jar:7.0.8]
	at org.springframework.beans.factory.support.ConstructorResolver.resolveAutowiredArgument(ConstructorResolver.java:912) ~[spring-beans-7.0.8.jar:7.0.8]
	at org.springframework.beans.factory.support.ConstructorResolver.createArgumentArray(ConstructorResolver.java:791) ~[spring-beans-7.0.8.jar:7.0.8]
	... 53 common frames omitted
Caused by: org.springframework.beans.BeanInstantiationException: Failed to instantiate [com.quiosque.mesafacil.Config.JwtService]: Constructor threw exception
	at org.springframework.beans.BeanUtils.instantiateClass(BeanUtils.java:220) ~[spring-beans-7.0.8.jar:7.0.8]
	at org.springframework.beans.factory.support.SimpleInstantiationStrategy.instantiate(SimpleInstantiationStrategy.java:106) ~[spring-beans-7.0.8.jar:7.0.8]
	at org.springframework.beans.factory.support.AbstractAutowireCapableBeanFactory.instantiateBean(AbstractAutowireCapableBeanFactory.java:1336) ~[spring-beans-7.0.8.jar:7.0.8]
	... 65 common frames omitted
Caused by: io.jsonwebtoken.security.WeakKeyException: The specified key byte array is 160 bits which is not secure enough for any JWT HMAC-SHA algorithm.  The JWT JWA Specification (RFC 7518, Section 3.2) states that keys used with HMAC-SHA algorithms MUST have a size >= 256 bits (the key size must be greater than or equal to the hash output size).  Consider using the io.jsonwebtoken.security.Keys#secretKeyFor(SignatureAlgorithm) method to create a key guaranteed to be secure enough for your preferred HMAC-SHA algorithm.  See https://tools.ietf.org/html/rfc7518#section-3.2 for more information.
	at io.jsonwebtoken.security.Keys.hmacShaKeyFor(Keys.java:96) ~[jjwt-api-0.11.5.jar:0.11.5]
	at com.quiosque.mesafacil.Config.JwtService.<init>(JwtService.java:19) ~[classes/:na]
	at java.base/jdk.internal.reflect.NativeConstructorAccessorImpl.newInstance0(Native Method) ~[na:na]
	at java.base/jdk.internal.reflect.NativeConstructorAccessorImpl.newInstance(NativeConstructorAccessorImpl.java:77) ~[na:na]
	at java.base/jdk.internal.reflect.DelegatingConstructorAccessorImpl.newInstance(DelegatingConstructorAccessorImpl.java:45) ~[na:na]
	at java.base/java.lang.reflect.Constructor.newInstanceWithCaller(Constructor.java:500) ~[na:na]
	at java.base/java.lang.reflect.Constructor.newInstance(Constructor.java:481) ~[na:na]
	at org.springframework.beans.BeanUtils.instantiateClass(BeanUtils.java:194) ~[spring-beans-7.0.8.jar:7.0.8]
	... 67 common frames omitted

2026-08-10T14:59:31.841-03:00  INFO 34267 --- [mesafacil] [main] c.q.mesafacil.MesafacilApplication       : Starting MesafacilApplication using Java 17.0.14 with PID 34267 (/Users/gabriel/Downloads/mesafacil/target/classes started by gabriel in /Users/gabriel/Downloads/mesafacil)
2026-08-10T14:59:31.843-03:00  INFO 34267 --- [mesafacil] [main] c.q.mesafacil.MesafacilApplication       : No active profile set, falling back to 1 default profile: "default"
2026-08-10T14:59:32.065-03:00  INFO 34267 --- [mesafacil] [main] .s.d.r.c.RepositoryConfigurationDelegate : Bootstrapping Spring Data JPA repositories in DEFAULT mode.
2026-08-10T14:59:32.080-03:00  INFO 34267 --- [mesafacil] [main] .s.d.r.c.RepositoryConfigurationDelegate : Finished Spring Data repository scanning in 12 ms. Found 1 JPA repository interface.
2026-08-10T14:59:32.215-03:00  INFO 34267 --- [mesafacil] [main] o.s.boot.tomcat.TomcatWebServer          : Tomcat initialized with port 8080 (http)
2026-08-10T14:59:32.220-03:00  INFO 34267 --- [mesafacil] [main] o.apache.catalina.core.StandardService   : Starting service [Tomcat]
2026-08-10T14:59:32.220-03:00  INFO 34267 --- [mesafacil] [main] o.apache.catalina.core.StandardEngine    : Starting Servlet engine: [Apache Tomcat/11.0.22]
2026-08-10T14:59:32.232-03:00  INFO 34267 --- [mesafacil] [main] b.w.c.s.WebApplicationContextInitializer : Root WebApplicationContext: initialization completed in 367 ms
2026-08-10T14:59:32.237-03:00 ERROR 34267 --- [mesafacil] [main] t.s.DeferredServletContainerInitializers : Error starting Tomcat context. Exception: org.springframework.beans.factory.UnsatisfiedDependencyException. Message: Error creating bean with name 'jwtAuthenticationFilter' defined in file [/Users/gabriel/Downloads/mesafacil/target/classes/com/quiosque/mesafacil/Config/JwtAuthenticationFilter.class]: Unsatisfied dependency expressed through constructor parameter 0: Error creating bean with name 'jwtService' defined in file [/Users/gabriel/Downloads/mesafacil/target/classes/com/quiosque/mesafacil/Config/JwtService.class]: Failed to instantiate [com.quiosque.mesafacil.Config.JwtService]: Constructor threw exception
2026-08-10T14:59:32.244-03:00  INFO 34267 --- [mesafacil] [main] o.apache.catalina.core.StandardService   : Stopping service [Tomcat]
2026-08-10T14:59:32.248-03:00  WARN 34267 --- [mesafacil] [main] ConfigServletWebServerApplicationContext : Exception encountered during context initialization - cancelling refresh attempt: org.springframework.context.ApplicationContextException: Unable to start web server
2026-08-10T14:59:32.250-03:00  INFO 34267 --- [mesafacil] [main] .s.b.a.l.ConditionEvaluationReportLogger : 

Error starting ApplicationContext. To display the condition evaluation report re-run your application with 'debug' enabled.
2026-08-10T14:59:32.253-03:00 ERROR 34267 --- [mesafacil] [main] o.s.boot.SpringApplication               : Application run failed

org.springframework.context.ApplicationContextException: Unable to start web server
	at org.springframework.boot.web.server.servlet.context.ServletWebServerApplicationContext.onRefresh(ServletWebServerApplicationContext.java:167) ~[spring-boot-web-server-4.1.0.jar:4.1.0]
	at org.springframework.context.support.AbstractApplicationContext.refresh(AbstractApplicationContext.java:615) ~[spring-context-7.0.8.jar:7.0.8]
	at org.springframework.boot.web.server.servlet.context.ServletWebServerApplicationContext.refresh(ServletWebServerApplicationContext.java:143) ~[spring-boot-web-server-4.1.0.jar:4.1.0]
	at org.springframework.boot.SpringApplication.refresh(SpringApplication.java:756) ~[spring-boot-4.1.0.jar:4.1.0]
	at org.springframework.boot.SpringApplication.refreshContext(SpringApplication.java:445) ~[spring-boot-4.1.0.jar:4.1.0]
	at org.springframework.boot.SpringApplication.run(SpringApplication.java:321) ~[spring-boot-4.1.0.jar:4.1.0]
	at org.springframework.boot.SpringApplication.run(SpringApplication.java:1365) ~[spring-boot-4.1.0.jar:4.1.0]
	at org.springframework.boot.SpringApplication.run(SpringApplication.java:1354) ~[spring-boot-4.1.0.jar:4.1.0]
	at com.quiosque.mesafacil.MesafacilApplication.main(MesafacilApplication.java:10) ~[classes/:na]
Caused by: org.springframework.boot.web.server.WebServerException: Unable to start embedded Tomcat
	at org.springframework.boot.tomcat.TomcatWebServer.initialize(TomcatWebServer.java:150) ~[spring-boot-tomcat-4.1.0.jar:4.1.0]
	at org.springframework.boot.tomcat.TomcatWebServer.<init>(TomcatWebServer.java:110) ~[spring-boot-tomcat-4.1.0.jar:4.1.0]
	at org.springframework.boot.tomcat.servlet.TomcatServletWebServerFactory.getTomcatWebServer(TomcatServletWebServerFactory.java:429) ~[spring-boot-tomcat-4.1.0.jar:4.1.0]
	at org.springframework.boot.tomcat.servlet.TomcatServletWebServerFactory.getWebServer(TomcatServletWebServerFactory.java:167) ~[spring-boot-tomcat-4.1.0.jar:4.1.0]
	at org.springframework.boot.web.server.servlet.context.ServletWebServerApplicationContext.createWebServer(ServletWebServerApplicationContext.java:190) ~[spring-boot-web-server-4.1.0.jar:4.1.0]
	at org.springframework.boot.web.server.servlet.context.ServletWebServerApplicationContext.onRefresh(ServletWebServerApplicationContext.java:164) ~[spring-boot-web-server-4.1.0.jar:4.1.0]
	... 8 common frames omitted
Caused by: org.springframework.beans.factory.UnsatisfiedDependencyException: Error creating bean with name 'jwtAuthenticationFilter' defined in file [/Users/gabriel/Downloads/mesafacil/target/classes/com/quiosque/mesafacil/Config/JwtAuthenticationFilter.class]: Unsatisfied dependency expressed through constructor parameter 0: Error creating bean with name 'jwtService' defined in file [/Users/gabriel/Downloads/mesafacil/target/classes/com/quiosque/mesafacil/Config/JwtService.class]: Failed to instantiate [com.quiosque.mesafacil.Config.JwtService]: Constructor threw exception
	at org.springframework.beans.factory.support.ConstructorResolver.createArgumentArray(ConstructorResolver.java:804) ~[spring-beans-7.0.8.jar:7.0.8]
	at org.springframework.beans.factory.support.ConstructorResolver.autowireConstructor(ConstructorResolver.java:240) ~[spring-beans-7.0.8.jar:7.0.8]
	at org.springframework.beans.factory.support.AbstractAutowireCapableBeanFactory.autowireConstructor(AbstractAutowireCapableBeanFactory.java:1380) ~[spring-beans-7.0.8.jar:7.0.8]
	at org.springframework.beans.factory.support.AbstractAutowireCapableBeanFactory.createBeanInstance(AbstractAutowireCapableBeanFactory.java:1219) ~[spring-beans-7.0.8.jar:7.0.8]
	at org.springframework.beans.factory.support.AbstractAutowireCapableBeanFactory.doCreateBean(AbstractAutowireCapableBeanFactory.java:565) ~[spring-beans-7.0.8.jar:7.0.8]
	at org.springframework.beans.factory.support.AbstractAutowireCapableBeanFactory.createBean(AbstractAutowireCapableBeanFactory.java:525) ~[spring-beans-7.0.8.jar:7.0.8]
	at org.springframework.beans.factory.support.AbstractBeanFactory.lambda$doGetBean$0(AbstractBeanFactory.java:333) ~[spring-beans-7.0.8.jar:7.0.8]
	at org.springframework.beans.factory.support.DefaultSingletonBeanRegistry.getSingleton(DefaultSingletonBeanRegistry.java:371) ~[spring-beans-7.0.8.jar:7.0.8]
	at org.springframework.beans.factory.support.AbstractBeanFactory.doGetBean(AbstractBeanFactory.java:331) ~[spring-beans-7.0.8.jar:7.0.8]
	at org.springframework.beans.factory.support.AbstractBeanFactory.getBean(AbstractBeanFactory.java:201) ~[spring-beans-7.0.8.jar:7.0.8]
	at org.springframework.boot.web.servlet.ServletContextInitializerBeans.getOrderedBeansOfType(ServletContextInitializerBeans.java:231) ~[spring-boot-4.1.0.jar:4.1.0]
	at org.springframework.boot.web.servlet.ServletContextInitializerBeans.addAsRegistrationBean(ServletContextInitializerBeans.java:185) ~[spring-boot-4.1.0.jar:4.1.0]
	at org.springframework.boot.web.servlet.ServletContextInitializerBeans.addAsRegistrationBean(ServletContextInitializerBeans.java:180) ~[spring-boot-4.1.0.jar:4.1.0]
	at org.springframework.boot.web.servlet.ServletContextInitializerBeans.addAdaptableBeans(ServletContextInitializerBeans.java:165) ~[spring-boot-4.1.0.jar:4.1.0]
	at org.springframework.boot.web.servlet.ServletContextInitializerBeans.<init>(ServletContextInitializerBeans.java:97) ~[spring-boot-4.1.0.jar:4.1.0]
	at org.springframework.boot.web.context.servlet.WebApplicationContextInitializer.initialize(WebApplicationContextInitializer.java:53) ~[spring-boot-4.1.0.jar:4.1.0]
	at org.springframework.boot.tomcat.servlet.DeferredServletContainerInitializers.onStartup(DeferredServletContainerInitializers.java:55) ~[spring-boot-tomcat-4.1.0.jar:4.1.0]
	at org.apache.catalina.core.StandardContext.startInternal(StandardContext.java:4420) ~[tomcat-embed-core-11.0.22.jar:11.0.22]
	at org.apache.catalina.util.LifecycleBase.start(LifecycleBase.java:164) ~[tomcat-embed-core-11.0.22.jar:11.0.22]
	at org.apache.catalina.core.ContainerBase$StartChild.call(ContainerBase.java:1162) ~[tomcat-embed-core-11.0.22.jar:11.0.22]
	at org.apache.catalina.core.ContainerBase$StartChild.call(ContainerBase.java:1158) ~[tomcat-embed-core-11.0.22.jar:11.0.22]
	at java.base/java.util.concurrent.FutureTask.run(FutureTask.java:264) ~[na:na]
	at org.apache.tomcat.util.threads.InlineExecutorService.execute(InlineExecutorService.java:81) ~[tomcat-embed-core-11.0.22.jar:11.0.22]
	at java.base/java.util.concurrent.AbstractExecutorService.submit(AbstractExecutorService.java:145) ~[na:na]
	at org.apache.catalina.core.ContainerBase.startInternal(ContainerBase.java:714) ~[tomcat-embed-core-11.0.22.jar:11.0.22]
	at org.apache.catalina.core.StandardHost.startInternal(StandardHost.java:780) ~[tomcat-embed-core-11.0.22.jar:11.0.22]
	at org.apache.catalina.util.LifecycleBase.start(LifecycleBase.java:164) ~[tomcat-embed-core-11.0.22.jar:11.0.22]
	at org.apache.catalina.core.ContainerBase$StartChild.call(ContainerBase.java:1162) ~[tomcat-embed-core-11.0.22.jar:11.0.22]
	at org.apache.catalina.core.ContainerBase$StartChild.call(ContainerBase.java:1158) ~[tomcat-embed-core-11.0.22.jar:11.0.22]
	at java.base/java.util.concurrent.FutureTask.run(FutureTask.java:264) ~[na:na]
	at org.apache.tomcat.util.threads.InlineExecutorService.execute(InlineExecutorService.java:81) ~[tomcat-embed-core-11.0.22.jar:11.0.22]
	at java.base/java.util.concurrent.AbstractExecutorService.submit(AbstractExecutorService.java:145) ~[na:na]
	at org.apache.catalina.core.ContainerBase.startInternal(ContainerBase.java:714) ~[tomcat-embed-core-11.0.22.jar:11.0.22]
	at org.apache.catalina.core.StandardEngine.startInternal(StandardEngine.java:201) ~[tomcat-embed-core-11.0.22.jar:11.0.22]
	at org.apache.catalina.util.LifecycleBase.start(LifecycleBase.java:164) ~[tomcat-embed-core-11.0.22.jar:11.0.22]
	at org.apache.catalina.core.StandardService.startInternal(StandardService.java:410) ~[tomcat-embed-core-11.0.22.jar:11.0.22]
	at org.apache.catalina.util.LifecycleBase.start(LifecycleBase.java:164) ~[tomcat-embed-core-11.0.22.jar:11.0.22]
	at org.apache.catalina.core.StandardServer.startInternal(StandardServer.java:864) ~[tomcat-embed-core-11.0.22.jar:11.0.22]
	at org.apache.catalina.util.LifecycleBase.start(LifecycleBase.java:164) ~[tomcat-embed-core-11.0.22.jar:11.0.22]
	at org.apache.catalina.startup.Tomcat.start(Tomcat.java:435) ~[tomcat-embed-core-11.0.22.jar:11.0.22]
	at org.springframework.boot.tomcat.TomcatWebServer.initialize(TomcatWebServer.java:131) ~[spring-boot-tomcat-4.1.0.jar:4.1.0]
	... 13 common frames omitted
Caused by: org.springframework.beans.factory.BeanCreationException: Error creating bean with name 'jwtService' defined in file [/Users/gabriel/Downloads/mesafacil/target/classes/com/quiosque/mesafacil/Config/JwtService.class]: Failed to instantiate [com.quiosque.mesafacil.Config.JwtService]: Constructor threw exception
	at org.springframework.beans.factory.support.AbstractAutowireCapableBeanFactory.instantiateBean(AbstractAutowireCapableBeanFactory.java:1342) ~[spring-beans-7.0.8.jar:7.0.8]
	at org.springframework.beans.factory.support.AbstractAutowireCapableBeanFactory.createBeanInstance(AbstractAutowireCapableBeanFactory.java:1229) ~[spring-beans-7.0.8.jar:7.0.8]
	at org.springframework.beans.factory.support.AbstractAutowireCapableBeanFactory.doCreateBean(AbstractAutowireCapableBeanFactory.java:565) ~[spring-beans-7.0.8.jar:7.0.8]
	at org.springframework.beans.factory.support.AbstractAutowireCapableBeanFactory.createBean(AbstractAutowireCapableBeanFactory.java:525) ~[spring-beans-7.0.8.jar:7.0.8]
	at org.springframework.beans.factory.support.AbstractBeanFactory.lambda$doGetBean$0(AbstractBeanFactory.java:333) ~[spring-beans-7.0.8.jar:7.0.8]
	at org.springframework.beans.factory.support.DefaultSingletonBeanRegistry.getSingleton(DefaultSingletonBeanRegistry.java:371) ~[spring-beans-7.0.8.jar:7.0.8]
	at org.springframework.beans.factory.support.AbstractBeanFactory.doGetBean(AbstractBeanFactory.java:331) ~[spring-beans-7.0.8.jar:7.0.8]
	at org.springframework.beans.factory.support.AbstractBeanFactory.getBean(AbstractBeanFactory.java:201) ~[spring-beans-7.0.8.jar:7.0.8]
	at org.springframework.beans.factory.support.DefaultListableBeanFactory.resolveBean(DefaultListableBeanFactory.java:1232) ~[spring-beans-7.0.8.jar:7.0.8]
	at org.springframework.beans.factory.support.DefaultListableBeanFactory.doResolveDependency(DefaultListableBeanFactory.java:1711) ~[spring-beans-7.0.8.jar:7.0.8]
	at org.springframework.beans.factory.support.DefaultListableBeanFactory.resolveDependency(DefaultListableBeanFactory.java:1658) ~[spring-beans-7.0.8.jar:7.0.8]
	at org.springframework.beans.factory.support.ConstructorResolver.resolveAutowiredArgument(ConstructorResolver.java:912) ~[spring-beans-7.0.8.jar:7.0.8]
	at org.springframework.beans.factory.support.ConstructorResolver.createArgumentArray(ConstructorResolver.java:791) ~[spring-beans-7.0.8.jar:7.0.8]
	... 53 common frames omitted
Caused by: org.springframework.beans.BeanInstantiationException: Failed to instantiate [com.quiosque.mesafacil.Config.JwtService]: Constructor threw exception
	at org.springframework.beans.BeanUtils.instantiateClass(BeanUtils.java:220) ~[spring-beans-7.0.8.jar:7.0.8]
	at org.springframework.beans.factory.support.SimpleInstantiationStrategy.instantiate(SimpleInstantiationStrategy.java:106) ~[spring-beans-7.0.8.jar:7.0.8]
	at org.springframework.beans.factory.support.AbstractAutowireCapableBeanFactory.instantiateBean(AbstractAutowireCapableBeanFactory.java:1336) ~[spring-beans-7.0.8.jar:7.0.8]
	... 65 common frames omitted
Caused by: io.jsonwebtoken.security.WeakKeyException: The specified key byte array is 160 bits which is not secure enough for any JWT HMAC-SHA algorithm.  The JWT JWA Specification (RFC 7518, Section 3.2) states that keys used with HMAC-SHA algorithms MUST have a size >= 256 bits (the key size must be greater than or equal to the hash output size).  Consider using the io.jsonwebtoken.security.Keys#secretKeyFor(SignatureAlgorithm) method to create a key guaranteed to be secure enough for your preferred HMAC-SHA algorithm.  See https://tools.ietf.org/html/rfc7518#section-3.2 for more information.
	at io.jsonwebtoken.security.Keys.hmacShaKeyFor(Keys.java:96) ~[jjwt-api-0.11.5.jar:0.11.5]
	at com.quiosque.mesafacil.Config.JwtService.<init>(JwtService.java:19) ~[classes/:na]
	at java.base/jdk.internal.reflect.NativeConstructorAccessorImpl.newInstance0(Native Method) ~[na:na]
	at java.base/jdk.internal.reflect.NativeConstructorAccessorImpl.newInstance(NativeConstructorAccessorImpl.java:77) ~[na:na]
	at java.base/jdk.internal.reflect.DelegatingConstructorAccessorImpl.newInstance(DelegatingConstructorAccessorImpl.java:45) ~[na:na]
	at java.base/java.lang.reflect.Constructor.newInstanceWithCaller(Constructor.java:500) ~[na:na]
	at java.base/java.lang.reflect.Constructor.newInstance(Constructor.java:481) ~[na:na]
	at org.springframework.beans.BeanUtils.instantiateClass(BeanUtils.java:194) ~[spring-beans-7.0.8.jar:7.0.8]
	... 67 common frames omitted

2026-08-10T15:01:58.022-03:00  INFO 34361 --- [mesafacil] [main] c.q.mesafacil.MesafacilApplication       : Starting MesafacilApplication using Java 17.0.14 with PID 34361 (/Users/gabriel/Downloads/mesafacil/target/classes started by gabriel in /Users/gabriel/Downloads/mesafacil)
2026-08-10T15:01:58.024-03:00  INFO 34361 --- [mesafacil] [main] c.q.mesafacil.MesafacilApplication       : No active profile set, falling back to 1 default profile: "default"
2026-08-10T15:01:58.239-03:00  INFO 34361 --- [mesafacil] [main] .s.d.r.c.RepositoryConfigurationDelegate : Bootstrapping Spring Data JPA repositories in DEFAULT mode.
2026-08-10T15:01:58.253-03:00  INFO 34361 --- [mesafacil] [main] .s.d.r.c.RepositoryConfigurationDelegate : Finished Spring Data repository scanning in 12 ms. Found 1 JPA repository interface.
2026-08-10T15:01:58.396-03:00  INFO 34361 --- [mesafacil] [main] o.s.boot.tomcat.TomcatWebServer          : Tomcat initialized with port 8080 (http)
2026-08-10T15:01:58.400-03:00  INFO 34361 --- [mesafacil] [main] o.apache.catalina.core.StandardService   : Starting service [Tomcat]
2026-08-10T15:01:58.400-03:00  INFO 34361 --- [mesafacil] [main] o.apache.catalina.core.StandardEngine    : Starting Servlet engine: [Apache Tomcat/11.0.22]
2026-08-10T15:01:58.413-03:00  INFO 34361 --- [mesafacil] [main] b.w.c.s.WebApplicationContextInitializer : Root WebApplicationContext: initialization completed in 375 ms
2026-08-10T15:01:58.462-03:00  INFO 34361 --- [mesafacil] [main] com.zaxxer.hikari.HikariDataSource       : HikariPool-1 - Starting...
2026-08-10T15:01:58.505-03:00  INFO 34361 --- [mesafacil] [main] com.zaxxer.hikari.pool.HikariPool        : HikariPool-1 - Added connection org.postgresql.jdbc.PgConnection@370ef50b
2026-08-10T15:01:58.506-03:00  INFO 34361 --- [mesafacil] [main] com.zaxxer.hikari.HikariDataSource       : HikariPool-1 - Start completed.
2026-08-10T15:01:58.514-03:00  INFO 34361 --- [mesafacil] [main] org.hibernate.orm.jpa                    : HHH008540: Processing PersistenceUnitInfo [name: default]
2026-08-10T15:01:58.533-03:00  INFO 34361 --- [mesafacil] [main] org.hibernate.orm.core                   : HHH000001: Hibernate ORM core version 7.4.1.Final
2026-08-10T15:01:58.644-03:00  INFO 34361 --- [mesafacil] [main] o.s.o.j.p.SpringPersistenceUnitInfo      : No LoadTimeWeaver setup: ignoring JPA class transformer
2026-08-10T15:01:58.671-03:00  WARN 34361 --- [mesafacil] [main] org.hibernate.orm.core                   : HHH000511: The 13.23.0 version for [org.hibernate.dialect.PostgreSQLDialect] is no longer supported, hence certain features may not work properly.The minimum supported version is 14.0.0. Check the community dialects project for available legacy versions.
2026-08-10T15:01:58.680-03:00  INFO 34361 --- [mesafacil] [main] org.hibernate.orm.connections.pooling    : HHH10001005: Database info:
	Database JDBC URL [jdbc:postgresql://localhost:5432/mesa_facil]
	Database driver: PostgreSQL JDBC Driver
	Database dialect: PostgreSQLDialect
	Database version: 13.23
	Default catalog/schema: mesa_facil/public
	Autocommit mode: undefined/unknown
	Isolation level: READ_COMMITTED [default READ_COMMITTED]
	JDBC fetch size: none
	Pool: DataSourceConnectionProvider
	Minimum pool size: undefined/unknown
	Maximum pool size: undefined/unknown
2026-08-10T15:01:58.996-03:00  INFO 34361 --- [mesafacil] [main] org.hibernate.orm.core                   : HHH000489: No JTA platform available (set 'hibernate.transaction.jta.platform' to enable JTA platform integration)
2026-08-10T15:01:58.999-03:00  INFO 34361 --- [mesafacil] [main] j.LocalContainerEntityManagerFactoryBean : Initialized JPA EntityManagerFactory for persistence unit 'default'
2026-08-10T15:01:59.021-03:00  WARN 34361 --- [mesafacil] [main] JpaBaseConfiguration$JpaWebConfiguration : spring.jpa.open-in-view is enabled by default. Therefore, database queries may be performed during view rendering. Explicitly configure spring.jpa.open-in-view to disable this warning
2026-08-10T15:01:59.044-03:00  WARN 34361 --- [mesafacil] [main] .s.a.UserDetailsServiceAutoConfiguration : 

Using generated security password: c16c8a57-25a6-4027-be9c-f3734210b53b

This generated password is for development use only. Your security configuration must be updated before running your application in production.

2026-08-10T15:01:59.047-03:00  INFO 34361 --- [mesafacil] [main] r$InitializeUserDetailsManagerConfigurer : Global AuthenticationManager configured with UserDetailsService bean with name inMemoryUserDetailsManager
2026-08-10T15:01:59.171-03:00  INFO 34361 --- [mesafacil] [main] o.s.d.j.r.query.QueryEnhancerFactories   : Hibernate is in classpath; If applicable, HQL parser will be used.
2026-08-10T15:01:59.216-03:00  INFO 34361 --- [mesafacil] [main] o.s.boot.tomcat.TomcatWebServer          : Tomcat started on port 8080 (http) with context path '/'
2026-08-10T15:01:59.219-03:00  INFO 34361 --- [mesafacil] [main] c.q.mesafacil.MesafacilApplication       : Started MesafacilApplication in 1.344 seconds (process running for 1.544)
2026-08-10T15:02:45.080-03:00  INFO 34361 --- [mesafacil] [http-nio-8080-exec-1] o.a.c.c.C.[Tomcat].[localhost].[/]       : Initializing Spring DispatcherServlet 'dispatcherServlet'
2026-08-10T15:02:45.080-03:00  INFO 34361 --- [mesafacil] [http-nio-8080-exec-1] o.s.web.servlet.DispatcherServlet        : Initializing Servlet 'dispatcherServlet'
2026-08-10T15:02:45.081-03:00  INFO 34361 --- [mesafacil] [http-nio-8080-exec-1] o.s.web.servlet.DispatcherServlet        : Completed initialization in 1 ms
2026-08-10T15:04:19.503-03:00  INFO 34361 --- [mesafacil] [http-nio-8080-exec-8] c.q.mesafacil.User.Service.UserService   : Creating user with Senha: $2a$10$0jo4yylVvZEkyNIVqiBVVuLYNVkvzwBh88n.rIg11xGUOf06myT/m
2026-08-10T15:04:53.432-03:00  INFO 34361 --- [mesafacil] [SpringApplicationShutdownHook] o.s.boot.tomcat.GracefulShutdown         : Commencing graceful shutdown. Waiting for active requests to complete
2026-08-10T15:04:53.435-03:00  INFO 34361 --- [mesafacil] [tomcat-shutdown] o.s.boot.tomcat.GracefulShutdown         : Graceful shutdown complete
2026-08-10T15:04:53.438-03:00  INFO 34361 --- [mesafacil] [SpringApplicationShutdownHook] j.LocalContainerEntityManagerFactoryBean : Closing JPA EntityManagerFactory for persistence unit 'default'
2026-08-10T15:04:53.439-03:00  INFO 34361 --- [mesafacil] [SpringApplicationShutdownHook] com.zaxxer.hikari.HikariDataSource       : HikariPool-1 - Shutdown initiated...
2026-08-10T15:04:53.440-03:00  INFO 34361 --- [mesafacil] [SpringApplicationShutdownHook] com.zaxxer.hikari.HikariDataSource       : HikariPool-1 - Shutdown completed.
2026-08-10T15:28:49.331-03:00  INFO 37449 --- [mesafacil] [main] c.q.mesafacil.MesafacilApplication       : Starting MesafacilApplication using Java 17.0.14 with PID 37449 (/Users/gabriel/Downloads/mesafacil/target/classes started by gabriel in /Users/gabriel/Downloads/mesafacil)
2026-08-10T15:28:49.332-03:00  INFO 37449 --- [mesafacil] [main] c.q.mesafacil.MesafacilApplication       : No active profile set, falling back to 1 default profile: "default"
2026-08-10T15:28:49.581-03:00  INFO 37449 --- [mesafacil] [main] .s.d.r.c.RepositoryConfigurationDelegate : Bootstrapping Spring Data JPA repositories in DEFAULT mode.
2026-08-10T15:28:49.599-03:00  INFO 37449 --- [mesafacil] [main] .s.d.r.c.RepositoryConfigurationDelegate : Finished Spring Data repository scanning in 14 ms. Found 1 JPA repository interface.
2026-08-10T15:28:49.747-03:00  INFO 37449 --- [mesafacil] [main] o.s.boot.tomcat.TomcatWebServer          : Tomcat initialized with port 8080 (http)
2026-08-10T15:28:49.752-03:00  INFO 37449 --- [mesafacil] [main] o.apache.catalina.core.StandardService   : Starting service [Tomcat]
2026-08-10T15:28:49.752-03:00  INFO 37449 --- [mesafacil] [main] o.apache.catalina.core.StandardEngine    : Starting Servlet engine: [Apache Tomcat/11.0.22]
2026-08-10T15:28:49.764-03:00  INFO 37449 --- [mesafacil] [main] b.w.c.s.WebApplicationContextInitializer : Root WebApplicationContext: initialization completed in 416 ms
2026-08-10T15:28:49.822-03:00  INFO 37449 --- [mesafacil] [main] com.zaxxer.hikari.HikariDataSource       : HikariPool-1 - Starting...
2026-08-10T15:28:49.888-03:00  INFO 37449 --- [mesafacil] [main] com.zaxxer.hikari.pool.HikariPool        : HikariPool-1 - Added connection org.postgresql.jdbc.PgConnection@2df65a56
2026-08-10T15:28:49.888-03:00  INFO 37449 --- [mesafacil] [main] com.zaxxer.hikari.HikariDataSource       : HikariPool-1 - Start completed.
2026-08-10T15:28:49.899-03:00  INFO 37449 --- [mesafacil] [main] org.hibernate.orm.jpa                    : HHH008540: Processing PersistenceUnitInfo [name: default]
2026-08-10T15:28:49.922-03:00  INFO 37449 --- [mesafacil] [main] org.hibernate.orm.core                   : HHH000001: Hibernate ORM core version 7.4.1.Final
2026-08-10T15:28:50.054-03:00  INFO 37449 --- [mesafacil] [main] o.s.o.j.p.SpringPersistenceUnitInfo      : No LoadTimeWeaver setup: ignoring JPA class transformer
2026-08-10T15:28:50.096-03:00  WARN 37449 --- [mesafacil] [main] org.hibernate.orm.core                   : HHH000511: The 13.23.0 version for [org.hibernate.dialect.PostgreSQLDialect] is no longer supported, hence certain features may not work properly.The minimum supported version is 14.0.0. Check the community dialects project for available legacy versions.
2026-08-10T15:28:50.105-03:00  INFO 37449 --- [mesafacil] [main] org.hibernate.orm.connections.pooling    : HHH10001005: Database info:
	Database JDBC URL [jdbc:postgresql://localhost:5432/mesa_facil]
	Database driver: PostgreSQL JDBC Driver
	Database dialect: PostgreSQLDialect
	Database version: 13.23
	Default catalog/schema: mesa_facil/public
	Autocommit mode: undefined/unknown
	Isolation level: READ_COMMITTED [default READ_COMMITTED]
	JDBC fetch size: none
	Pool: DataSourceConnectionProvider
	Minimum pool size: undefined/unknown
	Maximum pool size: undefined/unknown
2026-08-10T15:28:50.469-03:00  INFO 37449 --- [mesafacil] [main] org.hibernate.orm.core                   : HHH000489: No JTA platform available (set 'hibernate.transaction.jta.platform' to enable JTA platform integration)
2026-08-10T15:28:50.471-03:00  INFO 37449 --- [mesafacil] [main] j.LocalContainerEntityManagerFactoryBean : Initialized JPA EntityManagerFactory for persistence unit 'default'
2026-08-10T15:28:50.497-03:00  WARN 37449 --- [mesafacil] [main] JpaBaseConfiguration$JpaWebConfiguration : spring.jpa.open-in-view is enabled by default. Therefore, database queries may be performed during view rendering. Explicitly configure spring.jpa.open-in-view to disable this warning
2026-08-10T15:28:50.522-03:00  WARN 37449 --- [mesafacil] [main] .s.a.UserDetailsServiceAutoConfiguration : 

Using generated security password: b4eafa32-0156-4a67-a741-aa2fc86578a0

This generated password is for development use only. Your security configuration must be updated before running your application in production.

2026-08-10T15:28:50.525-03:00  INFO 37449 --- [mesafacil] [main] r$InitializeUserDetailsManagerConfigurer : Global AuthenticationManager configured with UserDetailsService bean with name inMemoryUserDetailsManager
2026-08-10T15:28:50.671-03:00  INFO 37449 --- [mesafacil] [main] o.s.d.j.r.query.QueryEnhancerFactories   : Hibernate is in classpath; If applicable, HQL parser will be used.
2026-08-10T15:28:50.729-03:00  INFO 37449 --- [mesafacil] [main] o.s.boot.tomcat.TomcatWebServer          : Tomcat started on port 8080 (http) with context path '/'
2026-08-10T15:28:50.732-03:00  INFO 37449 --- [mesafacil] [main] c.q.mesafacil.MesafacilApplication       : Started MesafacilApplication in 1.631 seconds (process running for 2.035)
2026-08-10T15:28:56.965-03:00  INFO 37449 --- [mesafacil] [http-nio-8080-exec-1] o.a.c.c.C.[Tomcat].[localhost].[/]       : Initializing Spring DispatcherServlet 'dispatcherServlet'
2026-08-10T15:28:56.965-03:00  INFO 37449 --- [mesafacil] [http-nio-8080-exec-1] o.s.web.servlet.DispatcherServlet        : Initializing Servlet 'dispatcherServlet'
2026-08-10T15:28:56.966-03:00  INFO 37449 --- [mesafacil] [http-nio-8080-exec-1] o.s.web.servlet.DispatcherServlet        : Completed initialization in 1 ms
2026-08-10T15:30:12.050-03:00  INFO 37449 --- [mesafacil] [SpringApplicationShutdownHook] o.s.boot.tomcat.GracefulShutdown         : Commencing graceful shutdown. Waiting for active requests to complete
2026-08-10T15:30:12.053-03:00  INFO 37449 --- [mesafacil] [tomcat-shutdown] o.s.boot.tomcat.GracefulShutdown         : Graceful shutdown complete
2026-08-10T15:30:12.055-03:00  INFO 37449 --- [mesafacil] [SpringApplicationShutdownHook] j.LocalContainerEntityManagerFactoryBean : Closing JPA EntityManagerFactory for persistence unit 'default'
2026-08-10T15:30:12.057-03:00  INFO 37449 --- [mesafacil] [SpringApplicationShutdownHook] com.zaxxer.hikari.HikariDataSource       : HikariPool-1 - Shutdown initiated...
2026-08-10T15:30:12.059-03:00  INFO 37449 --- [mesafacil] [SpringApplicationShutdownHook] com.zaxxer.hikari.HikariDataSource       : HikariPool-1 - Shutdown completed.
2026-08-10T15:30:13.596-03:00  INFO 37667 --- [mesafacil] [main] c.q.mesafacil.MesafacilApplication       : Starting MesafacilApplication using Java 17.0.14 with PID 37667 (/Users/gabriel/Downloads/mesafacil/target/classes started by gabriel in /Users/gabriel/Downloads/mesafacil)
2026-08-10T15:30:13.597-03:00  INFO 37667 --- [mesafacil] [main] c.q.mesafacil.MesafacilApplication       : No active profile set, falling back to 1 default profile: "default"
2026-08-10T15:30:13.805-03:00  INFO 37667 --- [mesafacil] [main] .s.d.r.c.RepositoryConfigurationDelegate : Bootstrapping Spring Data JPA repositories in DEFAULT mode.
2026-08-10T15:30:13.825-03:00  INFO 37667 --- [mesafacil] [main] .s.d.r.c.RepositoryConfigurationDelegate : Finished Spring Data repository scanning in 15 ms. Found 1 JPA repository interface.
2026-08-10T15:30:13.974-03:00  INFO 37667 --- [mesafacil] [main] o.s.boot.tomcat.TomcatWebServer          : Tomcat initialized with port 8080 (http)
2026-08-10T15:30:13.979-03:00  INFO 37667 --- [mesafacil] [main] o.apache.catalina.core.StandardService   : Starting service [Tomcat]
2026-08-10T15:30:13.979-03:00  INFO 37667 --- [mesafacil] [main] o.apache.catalina.core.StandardEngine    : Starting Servlet engine: [Apache Tomcat/11.0.22]
2026-08-10T15:30:13.994-03:00  INFO 37667 --- [mesafacil] [main] b.w.c.s.WebApplicationContextInitializer : Root WebApplicationContext: initialization completed in 382 ms
2026-08-10T15:30:14.061-03:00  INFO 37667 --- [mesafacil] [main] com.zaxxer.hikari.HikariDataSource       : HikariPool-1 - Starting...
2026-08-10T15:30:14.101-03:00  INFO 37667 --- [mesafacil] [main] com.zaxxer.hikari.pool.HikariPool        : HikariPool-1 - Added connection org.postgresql.jdbc.PgConnection@be164d8
2026-08-10T15:30:14.101-03:00  INFO 37667 --- [mesafacil] [main] com.zaxxer.hikari.HikariDataSource       : HikariPool-1 - Start completed.
2026-08-10T15:30:14.110-03:00  INFO 37667 --- [mesafacil] [main] org.hibernate.orm.jpa                    : HHH008540: Processing PersistenceUnitInfo [name: default]
2026-08-10T15:30:14.127-03:00  INFO 37667 --- [mesafacil] [main] org.hibernate.orm.core                   : HHH000001: Hibernate ORM core version 7.4.1.Final
2026-08-10T15:30:14.237-03:00  INFO 37667 --- [mesafacil] [main] o.s.o.j.p.SpringPersistenceUnitInfo      : No LoadTimeWeaver setup: ignoring JPA class transformer
2026-08-10T15:30:14.263-03:00  WARN 37667 --- [mesafacil] [main] org.hibernate.orm.core                   : HHH000511: The 13.23.0 version for [org.hibernate.dialect.PostgreSQLDialect] is no longer supported, hence certain features may not work properly.The minimum supported version is 14.0.0. Check the community dialects project for available legacy versions.
2026-08-10T15:30:14.274-03:00  INFO 37667 --- [mesafacil] [main] org.hibernate.orm.connections.pooling    : HHH10001005: Database info:
	Database JDBC URL [jdbc:postgresql://localhost:5432/mesa_facil]
	Database driver: PostgreSQL JDBC Driver
	Database dialect: PostgreSQLDialect
	Database version: 13.23
	Default catalog/schema: mesa_facil/public
	Autocommit mode: undefined/unknown
	Isolation level: READ_COMMITTED [default READ_COMMITTED]
	JDBC fetch size: none
	Pool: DataSourceConnectionProvider
	Minimum pool size: undefined/unknown
	Maximum pool size: undefined/unknown
2026-08-10T15:30:14.613-03:00  INFO 37667 --- [mesafacil] [main] org.hibernate.orm.core                   : HHH000489: No JTA platform available (set 'hibernate.transaction.jta.platform' to enable JTA platform integration)
2026-08-10T15:30:14.615-03:00  INFO 37667 --- [mesafacil] [main] j.LocalContainerEntityManagerFactoryBean : Initialized JPA EntityManagerFactory for persistence unit 'default'
2026-08-10T15:30:14.638-03:00  WARN 37667 --- [mesafacil] [main] JpaBaseConfiguration$JpaWebConfiguration : spring.jpa.open-in-view is enabled by default. Therefore, database queries may be performed during view rendering. Explicitly configure spring.jpa.open-in-view to disable this warning
2026-08-10T15:30:14.662-03:00  WARN 37667 --- [mesafacil] [main] .s.a.UserDetailsServiceAutoConfiguration : 

Using generated security password: 8fb34b58-a7e2-4c4a-8221-a01ecfd736a4

This generated password is for development use only. Your security configuration must be updated before running your application in production.

2026-08-10T15:30:14.665-03:00  INFO 37667 --- [mesafacil] [main] r$InitializeUserDetailsManagerConfigurer : Global AuthenticationManager configured with UserDetailsService bean with name inMemoryUserDetailsManager
2026-08-10T15:30:14.790-03:00  INFO 37667 --- [mesafacil] [main] o.s.d.j.r.query.QueryEnhancerFactories   : Hibernate is in classpath; If applicable, HQL parser will be used.
2026-08-10T15:30:14.837-03:00  INFO 37667 --- [mesafacil] [main] o.s.boot.tomcat.TomcatWebServer          : Tomcat started on port 8080 (http) with context path '/'
2026-08-10T15:30:14.840-03:00  INFO 37667 --- [mesafacil] [main] c.q.mesafacil.MesafacilApplication       : Started MesafacilApplication in 1.392 seconds (process running for 1.603)
2026-08-10T15:30:18.651-03:00  INFO 37667 --- [mesafacil] [http-nio-8080-exec-1] o.a.c.c.C.[Tomcat].[localhost].[/]       : Initializing Spring DispatcherServlet 'dispatcherServlet'
2026-08-10T15:30:18.652-03:00  INFO 37667 --- [mesafacil] [http-nio-8080-exec-1] o.s.web.servlet.DispatcherServlet        : Initializing Servlet 'dispatcherServlet'
2026-08-10T15:30:18.655-03:00  INFO 37667 --- [mesafacil] [http-nio-8080-exec-1] o.s.web.servlet.DispatcherServlet        : Completed initialization in 2 ms
2026-08-10T15:30:30.056-03:00  INFO 37667 --- [mesafacil] [SpringApplicationShutdownHook] o.s.boot.tomcat.GracefulShutdown         : Commencing graceful shutdown. Waiting for active requests to complete
2026-08-10T15:30:30.058-03:00  INFO 37667 --- [mesafacil] [tomcat-shutdown] o.s.boot.tomcat.GracefulShutdown         : Graceful shutdown complete
2026-08-10T15:30:30.060-03:00  INFO 37667 --- [mesafacil] [SpringApplicationShutdownHook] j.LocalContainerEntityManagerFactoryBean : Closing JPA EntityManagerFactory for persistence unit 'default'
2026-08-10T15:30:30.062-03:00  INFO 37667 --- [mesafacil] [SpringApplicationShutdownHook] com.zaxxer.hikari.HikariDataSource       : HikariPool-1 - Shutdown initiated...
2026-08-10T15:30:30.063-03:00  INFO 37667 --- [mesafacil] [SpringApplicationShutdownHook] com.zaxxer.hikari.HikariDataSource       : HikariPool-1 - Shutdown completed.
2026-08-10T15:30:31.391-03:00  INFO 37680 --- [mesafacil] [main] c.q.mesafacil.MesafacilApplication       : Starting MesafacilApplication using Java 17.0.14 with PID 37680 (/Users/gabriel/Downloads/mesafacil/target/classes started by gabriel in /Users/gabriel/Downloads/mesafacil)
2026-08-10T15:30:31.394-03:00  INFO 37680 --- [mesafacil] [main] c.q.mesafacil.MesafacilApplication       : No active profile set, falling back to 1 default profile: "default"
2026-08-10T15:30:31.614-03:00  INFO 37680 --- [mesafacil] [main] .s.d.r.c.RepositoryConfigurationDelegate : Bootstrapping Spring Data JPA repositories in DEFAULT mode.
2026-08-10T15:30:31.629-03:00  INFO 37680 --- [mesafacil] [main] .s.d.r.c.RepositoryConfigurationDelegate : Finished Spring Data repository scanning in 12 ms. Found 1 JPA repository interface.
2026-08-10T15:30:31.770-03:00  INFO 37680 --- [mesafacil] [main] o.s.boot.tomcat.TomcatWebServer          : Tomcat initialized with port 8080 (http)
2026-08-10T15:30:31.774-03:00  INFO 37680 --- [mesafacil] [main] o.apache.catalina.core.StandardService   : Starting service [Tomcat]
2026-08-10T15:30:31.774-03:00  INFO 37680 --- [mesafacil] [main] o.apache.catalina.core.StandardEngine    : Starting Servlet engine: [Apache Tomcat/11.0.22]
2026-08-10T15:30:31.786-03:00  INFO 37680 --- [mesafacil] [main] b.w.c.s.WebApplicationContextInitializer : Root WebApplicationContext: initialization completed in 372 ms
2026-08-10T15:30:31.836-03:00  INFO 37680 --- [mesafacil] [main] com.zaxxer.hikari.HikariDataSource       : HikariPool-1 - Starting...
2026-08-10T15:30:31.873-03:00  INFO 37680 --- [mesafacil] [main] com.zaxxer.hikari.pool.HikariPool        : HikariPool-1 - Added connection org.postgresql.jdbc.PgConnection@370ef50b
2026-08-10T15:30:31.874-03:00  INFO 37680 --- [mesafacil] [main] com.zaxxer.hikari.HikariDataSource       : HikariPool-1 - Start completed.
2026-08-10T15:30:31.883-03:00  INFO 37680 --- [mesafacil] [main] org.hibernate.orm.jpa                    : HHH008540: Processing PersistenceUnitInfo [name: default]
2026-08-10T15:30:31.899-03:00  INFO 37680 --- [mesafacil] [main] org.hibernate.orm.core                   : HHH000001: Hibernate ORM core version 7.4.1.Final
2026-08-10T15:30:32.018-03:00  INFO 37680 --- [mesafacil] [main] o.s.o.j.p.SpringPersistenceUnitInfo      : No LoadTimeWeaver setup: ignoring JPA class transformer
2026-08-10T15:30:32.044-03:00  WARN 37680 --- [mesafacil] [main] org.hibernate.orm.core                   : HHH000511: The 13.23.0 version for [org.hibernate.dialect.PostgreSQLDialect] is no longer supported, hence certain features may not work properly.The minimum supported version is 14.0.0. Check the community dialects project for available legacy versions.
2026-08-10T15:30:32.053-03:00  INFO 37680 --- [mesafacil] [main] org.hibernate.orm.connections.pooling    : HHH10001005: Database info:
	Database JDBC URL [jdbc:postgresql://localhost:5432/mesa_facil]
	Database driver: PostgreSQL JDBC Driver
	Database dialect: PostgreSQLDialect
	Database version: 13.23
	Default catalog/schema: mesa_facil/public
	Autocommit mode: undefined/unknown
	Isolation level: READ_COMMITTED [default READ_COMMITTED]
	JDBC fetch size: none
	Pool: DataSourceConnectionProvider
	Minimum pool size: undefined/unknown
	Maximum pool size: undefined/unknown
2026-08-10T15:30:32.386-03:00  INFO 37680 --- [mesafacil] [main] org.hibernate.orm.core                   : HHH000489: No JTA platform available (set 'hibernate.transaction.jta.platform' to enable JTA platform integration)
2026-08-10T15:30:32.388-03:00  INFO 37680 --- [mesafacil] [main] j.LocalContainerEntityManagerFactoryBean : Initialized JPA EntityManagerFactory for persistence unit 'default'
2026-08-10T15:30:32.409-03:00  WARN 37680 --- [mesafacil] [main] JpaBaseConfiguration$JpaWebConfiguration : spring.jpa.open-in-view is enabled by default. Therefore, database queries may be performed during view rendering. Explicitly configure spring.jpa.open-in-view to disable this warning
2026-08-10T15:30:32.433-03:00  WARN 37680 --- [mesafacil] [main] .s.a.UserDetailsServiceAutoConfiguration : 

Using generated security password: 882a1ae9-ba97-4bc4-8eb3-59bee28025ee

This generated password is for development use only. Your security configuration must be updated before running your application in production.

2026-08-10T15:30:32.436-03:00  INFO 37680 --- [mesafacil] [main] r$InitializeUserDetailsManagerConfigurer : Global AuthenticationManager configured with UserDetailsService bean with name inMemoryUserDetailsManager
2026-08-10T15:30:32.560-03:00  INFO 37680 --- [mesafacil] [main] o.s.d.j.r.query.QueryEnhancerFactories   : Hibernate is in classpath; If applicable, HQL parser will be used.
2026-08-10T15:30:32.605-03:00  INFO 37680 --- [mesafacil] [main] o.s.boot.tomcat.TomcatWebServer          : Tomcat started on port 8080 (http) with context path '/'
2026-08-10T15:30:32.607-03:00  INFO 37680 --- [mesafacil] [main] c.q.mesafacil.MesafacilApplication       : Started MesafacilApplication in 1.356 seconds (process running for 1.553)
2026-08-10T15:30:40.643-03:00  INFO 37680 --- [mesafacil] [SpringApplicationShutdownHook] o.s.boot.tomcat.GracefulShutdown         : Commencing graceful shutdown. Waiting for active requests to complete
2026-08-10T15:30:40.646-03:00  INFO 37680 --- [mesafacil] [tomcat-shutdown] o.s.boot.tomcat.GracefulShutdown         : Graceful shutdown complete
2026-08-10T15:30:40.648-03:00  INFO 37680 --- [mesafacil] [SpringApplicationShutdownHook] j.LocalContainerEntityManagerFactoryBean : Closing JPA EntityManagerFactory for persistence unit 'default'
2026-08-10T15:30:40.649-03:00  INFO 37680 --- [mesafacil] [SpringApplicationShutdownHook] com.zaxxer.hikari.HikariDataSource       : HikariPool-1 - Shutdown initiated...
2026-08-10T15:30:40.650-03:00  INFO 37680 --- [mesafacil] [SpringApplicationShutdownHook] com.zaxxer.hikari.HikariDataSource       : HikariPool-1 - Shutdown completed.
